Archive member included to satisfy reference by file (symbol)

../../Compiler/COMMON/SGL_302j/LIB_ELF/LIBCD.A(GFS.O)
                              foxfs.o (GFS_Init)
../../Compiler/COMMON/SGL_302j/LIB_ELF/LIBCD.A(GFS_BUF.O)
                              ../../Compiler/COMMON/SGL_302j/LIB_ELF/LIBCD.A(GFS.O) (GFBF_GetNumData)
../../Compiler/COMMON/SGL_302j/LIB_ELF/LIBCD.A(GFS_CDB.O)
                              ../../Compiler/COMMON/SGL_302j/LIB_ELF/LIBCD.A(GFS.O) (GFCB_Close)
../../Compiler/COMMON/SGL_302j/LIB_ELF/LIBCD.A(GFS_CDC.O)
                              ../../Compiler/COMMON/SGL_302j/LIB_ELF/LIBCD.A(GFS.O) (GFCD_SetCdbfs)
../../Compiler/COMMON/SGL_302j/LIB_ELF/LIBCD.A(GFS_CDF.O)
                              ../../Compiler/COMMON/SGL_302j/LIB_ELF/LIBCD.A(GFS.O) (GFCF_Init)
../../Compiler/COMMON/SGL_302j/LIB_ELF/LIBCD.A(GFS_DIR.O)
                              ../../Compiler/COMMON/SGL_302j/LIB_ELF/LIBCD.A(GFS.O) (GFDR_SetupDirTbl)
../../Compiler/COMMON/SGL_302j/LIB_ELF/LIBCD.A(GFS_TRN.O)
                              ../../Compiler/COMMON/SGL_302j/LIB_ELF/LIBCD.A(GFS.O) (GFTR_Setup)
../../Compiler/COMMON/SGL_302j/LIB_ELF/LIBCD.A(CDC_CMN.O)
                              ../../Compiler/COMMON/SGL_302j/LIB_ELF/LIBCD.A(GFS_CDC.O) (CDC_GetCurStat)
../../Compiler/COMMON/SGL_302j/LIB_ELF/LIBCD.A(CDC_DRV.O)
                              ../../Compiler/COMMON/SGL_302j/LIB_ELF/LIBCD.A(GFS_CDC.O) (CDC_CdPlay)
../../Compiler/COMMON/SGL_302j/LIB_ELF/LIBCD.A(CDC_DEV.O)
                              ../../Compiler/COMMON/SGL_302j/LIB_ELF/LIBCD.A(GFS_CDC.O) (CDC_CdSetCon)
../../Compiler/COMMON/SGL_302j/LIB_ELF/LIBCD.A(CDC_SEL.O)
                              ../../Compiler/COMMON/SGL_302j/LIB_ELF/LIBCD.A(GFS_CDC.O) (CDC_SetFiltRange)
../../Compiler/COMMON/SGL_302j/LIB_ELF/LIBCD.A(CDC_BIF.O)
                              ../../Compiler/COMMON/SGL_302j/LIB_ELF/LIBCD.A(GFS_CDC.O) (CDC_GetBufSiz)
../../Compiler/COMMON/SGL_302j/LIB_ELF/LIBCD.A(CDC_BIO.O)
                              ../../Compiler/COMMON/SGL_302j/LIB_ELF/LIBCD.A(GFS_CDC.O) (CDC_SetSctLen)
../../Compiler/COMMON/SGL_302j/LIB_ELF/LIBCD.A(CDC_CFS.O)
                              ../../Compiler/COMMON/SGL_302j/LIB_ELF/LIBCD.A(GFS_CDC.O) (CDC_ChgDir)
../../Compiler/COMMON/SGL_302j/LIB_ELF/LIBCD.A(CDC_REG.O)
                              ../../Compiler/COMMON/SGL_302j/LIB_ELF/LIBCD.A(GFS_CDB.O) (CDC_GetDataPtr)
../../Compiler/COMMON/SGL_302j/LIB_ELF/LIBCD.A(CDC_SUB.O)
                              ../../Compiler/COMMON/SGL_302j/LIB_ELF/LIBCD.A(CDC_CMN.O) (CDSUB_UpdStatus)
../../Compiler/COMMON/SGL_302j/LIB_ELF/LIBSGL.A(sglA06.o)
                              foxgfx.o (slMulFX)
../../Compiler/COMMON/SGL_302j/LIB_ELF/LIBSGL.A(sglA08.o)
                              foxgfx.o (slInnerProduct)
../../Compiler/COMMON/SGL_302j/LIB_ELF/LIBSGL.A(sglA14.o)
                              foxgfx.o (slCalcPoint)
../../Compiler/COMMON/SGL_302j/LIB_ELF/LIBSGL.A(sglA16.o)
                              main.o (slLookAt)
../../Compiler/COMMON/SGL_302j/LIB_ELF/LIBSGL.A(sglA17.o)
                              ../../Compiler/COMMON/SGL_302j/LIB_ELF/LIBSGL.A(sglA16.o) (slRotZ)
../../Compiler/COMMON/SGL_302j/LIB_ELF/LIBSGL.A(sglA18.o)
                              main.o (slRotY)
../../Compiler/COMMON/SGL_302j/LIB_ELF/LIBSGL.A(sglA19.o)
                              main.o (slRotX)
../../Compiler/COMMON/SGL_302j/LIB_ELF/LIBSGL.A(sglA20.o)
                              main.o (slUnitMatrix)
../../Compiler/COMMON/SGL_302j/LIB_ELF/LIBSGL.A(sglA21.o)
                              main.o (slPushMatrix)
../../Compiler/COMMON/SGL_302j/LIB_ELF/LIBSGL.A(sglA27.o)
                              main.o (slTranslate)
../../Compiler/COMMON/SGL_302j/LIB_ELF/LIBSGL.A(sglA39.o)
                              foxgfx.o (slConvert3Dto2DFX)
../../Compiler/COMMON/SGL_302j/LIB_ELF/LIBSGL.A(sglA40.o)
                              foxgfx.o (slCalcVector)
../../Compiler/COMMON/SGL_302j/LIB_ELF/LIBSGL.A(sglB002.o)
                              main.o (slColRAMMode)
../../Compiler/COMMON/SGL_302j/LIB_ELF/LIBSGL.A(sglB014.o)
                              main.o (slScrTransparent)
../../Compiler/COMMON/SGL_302j/LIB_ELF/LIBSGL.A(sglB015.o)
                              main.o (slScrAutoDisp)
../../Compiler/COMMON/SGL_302j/LIB_ELF/LIBSGL.A(sglB016.o)
                              main.o (slBack1ColSet)
../../Compiler/COMMON/SGL_302j/LIB_ELF/LIBSGL.A(sglB032.o)
                              main.o (slMapNbg1)
../../Compiler/COMMON/SGL_302j/LIB_ELF/LIBSGL.A(sglB033.o)
                              main.o (slMapNbg2)
../../Compiler/COMMON/SGL_302j/LIB_ELF/LIBSGL.A(sglB035.o)
                              main.o (sl1MapRA)
../../Compiler/COMMON/SGL_302j/LIB_ELF/LIBSGL.A(sglB038.o)
                              main.o (slRparaInitSet)
../../Compiler/COMMON/SGL_302j/LIB_ELF/LIBSGL.A(sglB039.o)
                              main.o (slMakeKtable)
../../Compiler/COMMON/SGL_302j/LIB_ELF/LIBSGL.A(sglB040.o)
[...]
Memory Configuration

Name             Origin             Length             Attributes
*default*        0x00000000         0xffffffff

Linker script and memory map

TARGET(elf32-sh)

SLSTART         0x06004000       0x30
                0x06004000                ___Start = .
 *(SLSTART)
 SLSTART        0x06004000       0x28 ../../Compiler/COMMON/SGL_302j/LIB_ELF/LIBSGL.A(sglI00.o)
                0x06004000                SGL_Start
                0x06004002                slStartSGL

.text           0x06004040     0x9560
 *(.text)
 .text          0x06004040        0x0 ../../Compiler/COMMON/SGL_302j/LIB_ELF/SGLAREA.O
 .text          0x06004040      0x204 main.o
 .text          0x06004244      0x16c foxfs.o
                0x060042ac                swap_endian_sint
                0x060042b4                swap_endian_sshort
                0x060042bc                InitFS
                0x060042e4                OpenFS
                0x060042fc                CloseFS
                0x06004308                SizeFS
                0x06004334                OpenFileSimple
 .text          0x060043b0     0x1b50 foxgfx.o
                0x060045b4                LoadTGA
                0x06004784                fxDrawGen
                0x0600487c                FxClipDataSprite
                0x060049a4                FxClipDataNClipSprite
                0x06004b34                fxClipPt
                0x06004b48                fxClipPoly
                0x06004c88                fxDrawPoly
                0x06004da8                DrawSprite
                0x06004ea4                FXDrawMeshStatic
                0x060050b8                SetSceneColour
                0x060050cc                FXDrawMeshStaticShaded
                0x06005508                GouraudUpdate
                0x06005540                FXDrawMeshAnimFlat
                0x060058bc                FXDrawMeshAnim
                0x06005e60                LoadMeshFromSSV
                0x06005ee8                ResetModelHeap
                0x06005ef4                ResetHeapToPrevious
 .text          0x06005f00     0x1adc ../../Compiler/COMMON/SGL_302j/LIB_ELF/LIBCD.A(GFS.O)
                0x06005f00                gfs_version
                0x06005f20                GFS_Init
                0x06006008                GFS_LoadDir
                0x060060b0                GFS_SetDir
                0x06006118                GFS_NameToId
                0x0600617c                GFS_IdToName
                0x060061e8                GFS_GetDirInfo
                0x06006258                GFS_Reset
                0x060062dc                GFS_Open
                0x06006390                GFS_Close
                0x060063c8                GFS_Seek
                0x0600647c                GFS_Tell
                0x060064cc                GFS_IsEof
                0x06006520                GFS_ByteToSct
                0x0600657c                GFS_GetFileSize
                0x060065d8                GFS_GetFileInfo
                0x0600664c                GFS_GetNumCdbuf
                0x06006674                GFS_Load
                0x06006738                GFS_Fread
                0x060067d4                gfs_waitRead
                0x0600687c                GFS_NwFread
                0x06006988                GFS_NwCdRead
                0x06006a00                GFS_NwIsComplete
                0x06006a38                GFS_NwStop
                0x06006aa4                GFS_NwGetStat
                0x06006b20                gfs_recovRdErr
                0x06006b50                GFS_NwExecOne
                0x06006c10                GFS_NwExecServer
                0x06006c8c                GFS_SetGmode
                0x06006cf0                GFS_SetTmode
                0x06006d5c                GFS_SetReadPara
                0x06006dc0                GFS_SetTransPara
                0x06006e2c                GFS_SetTrFunc
                0x06006e90                GFS_StartTrans
                0x06006edc                GFS_CdMovePickup
                0x06006f48                GFS_SetErrFunc
                0x06006f74                GFS_GetErrStat
                0x06006f98                GFS_ConvTno
                0x06006fc0                gfs_chgRoot
                0x0600708c                gfs_aborttrans
                0x06007098                gfs_mngSetupFuncTbl
                0x060070cc                gfs_mngInitWork
                0x06007170                gfs_mngGetNumFile
                0x060071d8                GFS_mngAllocGrp
                0x06007220                gfs_mngFreeGrp
                0x0600722c                gfs_mngTermAccess
                0x060072b0                gfs_mngSetErrCode
                0x06007330                gfs_svrSearchHndl
                0x06007370                gfs_svrAddHndl
                0x060073ac                gfs_svrRemoveHndl
                0x06007408                GFS_OpenSub
                0x06007460                gfs_loadVol
                0x06007524                gfs_getRootDir
                0x06007620                gfs_loadRootDir
                0x060076a8                gfs_flowIn
                0x06007750                gfs_transData
                0x060077f4                GFS_GetFad
                0x0600784c                gfs_SetSct
                0x0600788c                gfs_GetFinfo
                0x060078cc                gfs_closeSub
                0x06007908                gfs_getGmode
                0x06007914                gfs_isTaskDone
                0x06007968                gfs_convFinStat
 *fill*         0x060079dc        0x4 
 .text          0x060079e0      0x106 ../../Compiler/COMMON/SGL_302j/LIB_ELF/LIBCD.A(GFS_BUF.O)
                0x06007a10                GFBF_GetTranData
                0x06007a38                GFBF_GetNumData
                0x06007a68                GFBF_GetSrcPk
                0x06007a90                GFBF_GetSctData
                0x06007ab4                GFBF_RtnPk
                0x06007adc                gfbf_getSctDt
 *fill*         0x06007ae6        0xa 
 .text          0x06007af0      0x600 ../../Compiler/COMMON/SGL_302j/LIB_ELF/LIBCD.A(GFS_CDB.O)
                0x06007af0                GFCB_Setup
                0x06007c10                GFCB_Close
                0x06007c38                GFCB_GetLenData
                0x06007ce4                GFCB_GetLenRoom
                0x06007cf0                GFCB_SetFilt
                0x06007d58                GFCB_DeleteAllData
                0x06007d80                GFCB_Tell
                0x06007d90                gfcb_getSctNum
                0x06007de0                GFCB_Seek
                0x06007edc                GFCB_GetSrcPack
                0x06007fbc                GFCB_GetSctData
                0x06007ff4                GFCB_GetDstPack
                0x06008000                GFCB_RtnPk
                0x06008048                GFCB_MovePickup
                0x06008064                GFCB_SetCon
                0x06008098                GFCB_GetPickup
                0x060080c0                GFCB_IsPuOwner
                0x060080d8                GFCB_UngetPickup
 .text          0x060080f0     0x1a10 ../../Compiler/COMMON/SGL_302j/LIB_ELF/LIBCD.A(GFS_CDC.O)
                0x060080f0                GFCD_SetCdbfs
                0x0600811c                GFCD_Init
                0x06008320                GFCD_AllocFilt
                0x0600835c                GFCD_FreeFilt
                0x0600838c                GFCD_AllocBuf
                0x060083c0                GFCD_FreeBuf
                0x06008464                GFCD_GetBaseFad
                0x06008498                GFCD_GetPickup
                0x060084cc                GFCD_UngetPickup
                0x060084f8                GFCD_IsPuOwner
                0x0600851c                GFCD_SetFilt
                0x060085e0                GFCD_GetFilt
                0x06008628                GFCD_SetCon
                0x06008680                GFCD_Play
                0x060086e0                GFCD_GetLenData
                0x06008748                GFCD_ReqData
                0x060087a4                GFCD_EndData
                0x060087ec                GFCD_DelSctData
                0x06008844                GFCD_CheckDelSctData
                0x06008874                GFCD_GetStat
                0x06008928                GFCD_MovePickup
                0x06008974                GFCD_MoveSctData
                0x060089e8                GFCD_CheckMove
                0x06008a0c                GFCD_GetSctInfo
                0x06008a54                GFCD_ChgDir
                0x06008ac8                GFCD_SetFiltCon
                0x06008bb0                GFCD_GetFileInfo
                0x06008c8c                GFCD_GetBufSiz
                0x06008cc4                GFCD_ExecServer
                0x06008d98                gfcd_isIdleTask
                0x06008e24                gfcd_doTask
                0x06008ed0                GFCD_SetTimer
                0x06008ee4                GFCD_WaitServer
                0x06008f20                gfcd_doSetFiltTsk
                0x060090e4                gfcd_doSetConTsk
                0x06009174                gfcd_doGetLenDataTsk
                0x060092c8                gfcd_doReqDataTsk
                0x06009368                gfcd_doDelSctDataTsk
                0x0600949c                gfcd_doMoveSctTsk
                0x06009600                gfcd_doChgDirTsk
                0x060097fc                gfcd_doSetFiltConTsk
                0x06009940                gfcd_checkEflag
                0x06009964                gfcd_initCdbMng
                0x060099e4                gfcd_setStat
                0x06009a10                GFCD_SetCsctFunc
                0x06009a2c                GFCD_ChkScdqFlag
                0x06009a50                GFCD_ClrScdqFlag
                0x06009a6c                GFCD_WaitScdqFlag
                0x06009ab0                GFCD_WaitPause
 .text          0x06009b00      0x8d8 ../../Compiler/COMMON/SGL_302j/LIB_ELF/LIBCD.A(GFS_CDF.O)
                0x06009b00                GFCF_Init
                0x06009ba0                GFCF_Setup
                0x06009ce8                GFCF_SetSct
                0x06009d2c                GFCF_GetFileInfo
                0x06009da0                GFCF_FlowInBuf
                0x06009ef4                GFCF_StopInBuf
                0x06009f94                GFCF_Recover
                0x06009fdc                GFCF_Tell
                0x06009ff4                GFCF_Seek
                0x0600a00c                GFCF_MovePickup
                0x0600a0a8                GFCF_cnvIntlvOfs
                0x0600a0fc                GFCF_GetStat
                0x0600a194                gfcf_getSctSize
                0x0600a1d0                gfcf_isCdOk
                0x0600a290                gfcf_getPlayRange
 *fill*         0x0600a3d8        0x8 
 .text          0x0600a3e0      0x92c ../../Compiler/COMMON/SGL_302j/LIB_ELF/LIBCD.A(GFS_DIR.O)
                0x0600a3e0                GFDR_SetupDirTbl
                0x0600a454                GFDR_NameToId
                0x0600a4b4                GFDR_GetInfoDirId
                0x0600a4c8                GFDR_GetInfoDirName
                0x0600a4dc                GFDR_GetAtrDirId
                0x0600a4f4                GFDR_GetAtrDirName
                0x0600a50c                GFDR_ChgRoot
                0x0600a524                GFDR_ChgDir
                0x0600a598                gfdr_setupDirIdTbl
                0x0600a61c                gfdr_setupDirNameTbl
                0x0600a6c8                gfdr_open
                0x0600a6f0                gfdr_read
                0x0600a7b0                gfdr_readByte
                0x0600a7dc                gfdr_readWord
                0x0600a808                gfdr_readWordNB
                0x0600a85c                gfdr_readLongNB
                0x0600a8a8                gfdr_readLongNM
                0x0600a8d0                gfdr_setNextRec
                0x0600a954                gfdr_readDirEnt
                0x0600acd0                gfdr_setDirrecCd
 *fill*         0x0600ad0c        0x4 
 .text          0x0600ad10      0x9c6 ../../Compiler/COMMON/SGL_302j/LIB_ELF/LIBCD.A(GFS_TRN.O)
                0x0600ad40                GFTR_Setup
                0x0600ad84                GFTR_SetMode
                0x0600ad98                GFTR_SetUnit
                0x0600ada4                GFTR_SetTransPara
                0x0600add8                GFTR_GetTransPara
                0x0600ade4                GFTR_GetNumTrans
                0x0600adf0                GFTR_SetTransMax
                0x0600adfc                GFTR_Start
                0x0600ae08                GFTR_Pause
                0x0600ae14                GFTR_Stop
                0x0600aecc                GFTR_Exec
                0x0600af50                GFTR_Idle
                0x0600afc8                GFTR_ExecSvr
                0x0600b0d0                gftr_getSrcPack
                0x0600b158                gftr_getDstPack
                0x0600b1b4                gftr_reqScu
                0x0600b1c0                gftr_execScu
                0x0600b25c                gftr_remScu
                0x0600b290                gfdma_canUse
                0x0600b29c                gfdma_exec
                0x0600b30c                gfdma_getBytecnt
                0x0600b344                gftr_reqDma0
                0x0600b35c                gftr_execSdma0
                0x0600b380                gftr_remDma0
                0x0600b398                gftr_reqDma1
                0x0600b3b0                gftr_execSdma1
                0x0600b3d4                gftr_remDma1
                0x0600b3ec                gftr_reqCpu
                0x0600b3f8                gftr_execCpu
                0x0600b438                gftr_remCpu
                0x0600b444                gftr_reqTrn
                0x0600b4b4                gftr_execTrn
                0x0600b58c                gftr_remTrn
                0x0600b600                gftr_copyFrac
                0x0600b628                GFTR_GetLenData
                0x0600b634                GFTR_GetLenRoom
                0x0600b64c                GFTR_GetDstPack
                0x0600b680                GFTR_RtnDstPk
                0x0600b69c                GFTR_GetData
                0x0600b6b0                GFTR_SetData
                0x0600b6c4                GFTR_SetTransFunc
 *fill*         0x0600b6d6        0xa 
 .text          0x0600b6e0      0x3a0 ../../Compiler/COMMON/SGL_302j/LIB_ELF/LIBCD.A(CDC_CMN.O)
                0x0600b6e0                CDC_GetCurStat
                0x0600b730                CDC_GetLastStat
                0x0600b748                CDC_GetPeriStat
                0x0600b81c                CDC_GetHwInfo
                0x0600b884                CDC_TgetToc
                0x0600b8d4                CDC_GetSes
                0x0600b910                CDC_CdInit
                0x0600b994                CDC_CdOpen
                0x0600b9bc                CDC_DataReady
                0x0600ba28                CDC_DataEnd
 .text          0x0600ba80      0x130 ../../Compiler/COMMON/SGL_302j/LIB_ELF/LIBCD.A(CDC_DRV.O)
                0x0600ba80                CDC_CdPlay
                0x0600bb4c                CDC_CdSeek
                0x0600bb80                CDC_CdScan
 .text          0x0600bbb0       0xa8 ../../Compiler/COMMON/SGL_302j/LIB_ELF/LIBCD.A(CDC_DEV.O)
                0x0600bbb0                CDC_CdSetCon
                0x0600bbe0                CDC_CdGetCon
                0x0600bc1c                CDC_CdGetLastBuf
 *fill*         0x0600bc58        0x8 
 .text          0x0600bc60      0x2b8 ../../Compiler/COMMON/SGL_302j/LIB_ELF/LIBCD.A(CDC_SEL.O)
                0x0600bc60                CDC_SetFiltRange
                0x0600bc94                CDC_GetFiltRange
                0x0600bcec                CDC_SetFiltSubh
                0x0600bd5c                CDC_GetFiltSubh
                0x0600bdd8                CDC_SetFiltMode
                0x0600be0c                CDC_GetFiltMode
                0x0600be50                CDC_SetFiltCon
                0x0600be90                CDC_GetFiltCon
                0x0600bee4                CDC_ResetSelector
 *fill*         0x0600bf18        0x8 
 .text          0x0600bf20      0x270 ../../Compiler/COMMON/SGL_302j/LIB_ELF/LIBCD.A(CDC_BIF.O)
                0x0600bf20                CDC_GetBufSiz
                0x0600bf7c                CDC_GetSctNum
                0x0600bfc0                CDC_CalActSiz
                0x0600bffc                CDC_GetActSiz
                0x0600c07c                CDC_GetSctInfo
                0x0600c0fc                CDC_ExeFadSearch
                0x0600c134                CDC_GetFadSearch
 .text          0x0600c190      0x1e4 ../../Compiler/COMMON/SGL_302j/LIB_ELF/LIBCD.A(CDC_BIO.O)
                0x0600c190                CDC_SetSctLen
                0x0600c1c4                CDC_GetSctData
                0x0600c200                CDC_DelSctData
                0x0600c23c                CDC_GetdelSctData
                0x0600c278                CDC_PutSctData
                0x0600c2b0                CDC_CopySctData
                0x0600c2f4                CDC_MoveSctData
                0x0600c338                CDC_GetCopyErr
 *fill*         0x0600c374        0xc 
 .text          0x0600c380      0x194 ../../Compiler/COMMON/SGL_302j/LIB_ELF/LIBCD.A(CDC_CFS.O)
                0x0600c380                CDC_ChgDir
                0x0600c3b4                CDC_ReadDir
                0x0600c3e8                CDC_GetFileScope
                0x0600c448                CDC_TgetFileInfo
                0x0600c4a4                CDC_ReadFile
                0x0600c4d8                CDC_AbortFile
 *fill*         0x0600c514        0xc 
 .text          0x0600c520      0x2dc ../../Compiler/COMMON/SGL_302j/LIB_ELF/LIBCD.A(CDC_REG.O)
                0x0600c520                CDC_GetDataPtr
                0x0600c530                CDC_GetHirqReq
                0x0600c544                CDC_ClrHirqReq
                0x0600c574                CDREG_ClrHirqReq
                0x0600c584                CDREG_InitHirqReq
                0x0600c5ac                CDREG_SetHirqFlag
                0x0600c5c0                CDC_GetHirqMsk
                0x0600c5d4                CDC_SetHirqMsk
                0x0600c5e4                CDC_GetMpegPtr
                0x0600c5f4                CDREG_TgetData
                0x0600c650                CDREG_CmdRsp
                0x0600c750                CDREG_WaitHirq
                0x0600c7c0                CDREG_ReadRsp
 *fill*         0x0600c7fc        0x4 
 .text          0x0600c800      0x152 ../../Compiler/COMMON/SGL_302j/LIB_ELF/LIBCD.A(CDC_SUB.O)
                0x0600c800                CDSUB_UpdStatus
                0x0600c818                CDSUB_UpdCdstat
                0x0600c838                CDSUB_CdCmd
                0x0600c8a8                CDSUB_GetCdstat
                0x0600c8e8                CDSUB_RspToCdstat
                0x0600c930                CDSUB_SoftTimer
 *fill*         0x0600c952        0xe 
 .text          0x0600c960        0x0 ../../Compiler/COMMON/SGL_302j/LIB_ELF/LIBSGL.A(sglA06.o)
 .text          0x0600c960        0x0 ../../Compiler/COMMON/SGL_302j/LIB_ELF/LIBSGL.A(sglA08.o)
 .text          0x0600c960        0x0 ../../Compiler/COMMON/SGL_302j/LIB_ELF/LIBSGL.A(sglA14.o)
 .text          0x0600c960        0x0 ../../Compiler/COMMON/SGL_302j/LIB_ELF/LIBSGL.A(sglA16.o)
 .text          0x0600c960        0x0 ../../Compiler/COMMON/SGL_302j/LIB_ELF/LIBSGL.A(sglA17.o)
 .text          0x0600c960        0x0 ../../Compiler/COMMON/SGL_302j/LIB_ELF/LIBSGL.A(sglA18.o)
 .text          0x0600c960        0x0 ../../Compiler/COMMON/SGL_302j/LIB_ELF/LIBSGL.A(sglA19.o)
 .text          0x0600c960        0x0 ../../Compiler/COMMON/SGL_302j/LIB_ELF/LIBSGL.A(sglA20.o)
 .text          0x0600c960        0x0 ../../Compiler/COMMON/SGL_302j/LIB_ELF/LIBSGL.A(sglA21.o)
 .text          0x0600c960        0x0 ../../Compiler/COMMON/SGL_302j/LIB_ELF/LIBSGL.A(sglA27.o)
 .text          0x0600c960        0x0 ../../Compiler/COMMON/SGL_302j/LIB_ELF/LIBSGL.A(sglA39.o)
 .text          0x0600c960        0x0 ../../Compiler/COMMON/SGL_302j/LIB_ELF/LIBSGL.A(sglA40.o)
 .text          0x0600c960        0x0 ../../Compiler/COMMON/SGL_302j/LIB_ELF/LIBSGL.A(sglB002.o)
 .text          0x0600c960        0x0 ../../Compiler/COMMON/SGL_302j/LIB_ELF/LIBSGL.A(sglB014.o)
 .text          0x0600c960        0x0 ../../Compiler/COMMON/SGL_302j/LIB_ELF/LIBSGL.A(sglB015.o)
 .text          0x0600c960        0x0 ../../Compiler/COMMON/SGL_302j/LIB_ELF/LIBSGL.A(sglB016.o)
 .text          0x0600c960        0x0 ../../Compiler/COMMON/SGL_302j/LIB_ELF/LIBSGL.A(sglB032.o)
 .text          0x0600c960        0x0 ../../Compiler/COMMON/SGL_302j/LIB_ELF/LIBSGL.A(sglB033.o)
 .text          0x0600c960        0x0 ../../Compiler/COMMON/SGL_302j/LIB_ELF/LIBSGL.A(sglB035.o)
 .text          0x0600c960        0x0 ../../Compiler/COMMON/SGL_302j/LIB_ELF/LIBSGL.A(sglB038.o)
 .text          0x0600c960        0x0 ../../Compiler/COMMON/SGL_302j/LIB_ELF/LIBSGL.A(sglB039.o)
 .text          0x0600c960        0x0 ../../Compiler/COMMON/SGL_302j/LIB_ELF/LIBSGL.A(sglB040.o)
 .text          0x0600c960        0x0 ../../Compiler/COMMON/SGL_302j/LIB_ELF/LIBSGL.A(sglB042.o)
 .text          0x0600c960        0x0 ../../Compiler/COMMON/SGL_302j/LIB_ELF/LIBSGL.A(sglB043.o)
 .text          0x0600c960        0x0 ../../Compiler/COMMON/SGL_302j/LIB_ELF/LIBSGL.A(sglB044.o)
 .text          0x0600c960        0x0 ../../Compiler/COMMON/SGL_302j/LIB_ELF/LIBSGL.A(sglB045.o)
 .text          0x0600c960        0x0 ../../Compiler/COMMON/SGL_302j/LIB_ELF/LIBSGL.A(sglB047.o)
 .text          0x0600c960        0x0 ../../Compiler/COMMON/SGL_302j/LIB_ELF/LIBSGL.A(sglB056.o)
 .text          0x0600c960        0x0 ../../Compiler/COMMON/SGL_302j/LIB_ELF/LIBSGL.A(sglB057.o)
 .text          0x0600c960        0x0 ../../Compiler/COMMON/SGL_302j/LIB_ELF/LIBSGL.A(sglB059.o)
 .text          0x0600c960        0x0 ../../Compiler/COMMON/SGL_302j/LIB_ELF/LIBSGL.A(sglB063.o)
 .text          0x0600c960        0x0 ../../Compiler/COMMON/SGL_302j/LIB_ELF/LIBSGL.A(sglB086.o)
 .text          0x0600c960        0x0 ../../Compiler/COMMON/SGL_302j/LIB_ELF/LIBSGL.A(sglB088.o)
 .text          0x0600c960        0x0 ../../Compiler/COMMON/SGL_302j/LIB_ELF/LIBSGL.A(sglB090.o)
 .text          0x0600c960        0x0 ../../Compiler/COMMON/SGL_302j/LIB_ELF/LIBSGL.A(sglB200.o)
 .text          0x0600c960        0x0 ../../Compiler/COMMON/SGL_302j/LIB_ELF/LIBSGL.A(sglC04.o)
 .text          0x0600c960        0x0 ../../Compiler/COMMON/SGL_302j/LIB_ELF/LIBSGL.A(sglC05.o)
 .text          0x0600c960        0x0 ../../Compiler/COMMON/SGL_302j/LIB_ELF/LIBSGL.A(sglC16.o)
 .text          0x0600c960        0x0 ../../Compiler/COMMON/SGL_302j/LIB_ELF/LIBSGL.A(sglC20.o)
 .text          0x0600c960        0x0 ../../Compiler/COMMON/SGL_302j/LIB_ELF/LIBSGL.A(sglC23.o)
 .text          0x0600c960        0x0 ../../Compiler/COMMON/SGL_302j/LIB_ELF/LIBSGL.A(sglD00.o)
 .text          0x0600c960        0x0 ../../Compiler/COMMON/SGL_302j/LIB_ELF/LIBSGL.A(sglD01.o)
 .text          0x0600c960        0x0 ../../Compiler/COMMON/SGL_302j/LIB_ELF/LIBSGL.A(sglD02.o)
 .text          0x0600c960        0x0 ../../Compiler/COMMON/SGL_302j/LIB_ELF/LIBSGL.A(sglD03.o)
 .text          0x0600c960        0x0 ../../Compiler/COMMON/SGL_302j/LIB_ELF/LIBSGL.A(sglD15.o)
 .text          0x0600c960        0x0 ../../Compiler/COMMON/SGL_302j/LIB_ELF/LIBSGL.A(sglD16.o)
 .text          0x0600c960        0x0 ../../Compiler/COMMON/SGL_302j/LIB_ELF/LIBSGL.A(sglD17.o)
 .text          0x0600c960        0x0 ../../Compiler/COMMON/SGL_302j/LIB_ELF/LIBSGL.A(sglD18.o)
 .text          0x0600c960        0x0 ../../Compiler/COMMON/SGL_302j/LIB_ELF/LIBSGL.A(sglF00.o)
 .text          0x0600c960        0x0 ../../Compiler/COMMON/SGL_302j/LIB_ELF/LIBSGL.A(sglF03.o)
 .text          0x0600c960        0x0 ../../Compiler/COMMON/SGL_302j/LIB_ELF/LIBSGL.A(sglF05.o)
 .text          0x0600c960        0x0 ../../Compiler/COMMON/SGL_302j/LIB_ELF/LIBSGL.A(sglH00.o)
 .text          0x0600c960        0x0 ../../Compiler/COMMON/SGL_302j/LIB_ELF/LIBSGL.A(sglH02.o)
 .text          0x0600c960        0x0 ../../Compiler/COMMON/SGL_302j/LIB_ELF/LIBSGL.A(sglH04.o)
 .text          0x0600c960        0x0 ../../Compiler/COMMON/SGL_302j/LIB_ELF/LIBSGL.A(sglI01.o)
 .text          0x0600c960      0x128 ../../Compiler/COMMON/SGL_302j/LIB_ELF/LIBSGL.A(sglIc0.o)
                0x0600c960                slInitSystem
 *fill*         0x0600ca88        0x8 
 .text          0x0600ca90        0x0 ../../Compiler/COMMON/SGL_302j/LIB_ELF/LIBSGL.A(sglJ00.o)
 .text          0x0600ca90        0x0 ../../Compiler/COMMON/SGL_302j/LIB_ELF/LIBSGL.A(sglJ01.o)
 .text          0x0600ca90        0x0 ../../Compiler/COMMON/SGL_302j/LIB_ELF/LIBSGL.A(sglJ02.o)
 .text          0x0600ca90        0x0 ../../Compiler/COMMON/SGL_302j/LIB_ELF/LIBSGL.A(sglJ03.o)
 .text          0x0600ca90        0x0 ../../Compiler/COMMON/SGL_302j/LIB_ELF/LIBSGL.A(sglJ04.o)
 .text          0x0600ca90        0x0 ../../Compiler/COMMON/SGL_302j/LIB_ELF/LIBSGL.A(sglJ05.o)
 .text          0x0600ca90        0x0 ../../Compiler/COMMON/SGL_302j/LIB_ELF/LIBSGL.A(sglK01.o)
 .text          0x0600ca90        0x0 ../../Compiler/COMMON/SGL_302j/LIB_ELF/LIBSGL.A(sglM01.o)
 .text          0x0600ca90        0x0 ../../Compiler/COMMON/SGL_302j/LIB_ELF/LIBSGL.A(sglA00.o)
 .text          0x0600ca90        0x0 ../../Compiler/COMMON/SGL_302j/LIB_ELF/LIBSGL.A(sglA01.o)
 .text          0x0600ca90        0x0 ../../Compiler/COMMON/SGL_302j/LIB_ELF/LIBSGL.A(sglA10.o)
 .text          0x0600ca90        0x0 ../../Compiler/COMMON/SGL_302j/LIB_ELF/LIBSGL.A(sglA24.o)
 .text          0x0600ca90        0x0 ../../Compiler/COMMON/SGL_302j/LIB_ELF/LIBSGL.A(sglA28.o)
 .text          0x0600ca90        0x0 ../../Compiler/COMMON/SGL_302j/LIB_ELF/LIBSGL.A(sglB000.o)
 .text          0x0600ca90        0x0 ../../Compiler/COMMON/SGL_302j/LIB_ELF/LIBSGL.A(sglC00.o)
 .text          0x0600ca90        0x0 ../../Compiler/COMMON/SGL_302j/LIB_ELF/LIBSGL.A(sglI00.o)
 .text          0x0600ca90        0x0 ../../Compiler/COMMON/SGL_302j/LIB_ELF/LIBSGL.A(sglH03.o)
 .text          0x0600ca90       0x52 c:/users/ash/documents/joengine-master/compiler/windows/bin/../lib/gcc/sh-elf/9.3.0\libgcc.a(_ashiftrt.o)
                0x0600ca90                __ashiftrt_r4_31
                0x0600ca90                __ashiftrt_r4_32
                0x0600ca96                __ashiftrt_r4_30
                0x0600ca98                __ashiftrt_r4_29
                0x0600ca9a                __ashiftrt_r4_28
                0x0600ca9c                __ashiftrt_r4_27
                0x0600ca9e                __ashiftrt_r4_26
                0x0600caa0                __ashiftrt_r4_25
                0x0600caa2                __ashiftrt_r4_24
                0x0600caaa                __ashiftrt_r4_23
                0x0600caac                __ashiftrt_r4_22
                0x0600caae                __ashiftrt_r4_21
                0x0600cab0                __ashiftrt_r4_20
                0x0600cab2                __ashiftrt_r4_19
                0x0600cab4                __ashiftrt_r4_18
                0x0600cab6                __ashiftrt_r4_17
                0x0600cab8                __ashiftrt_r4_16
                0x0600cabe                __ashiftrt_r4_15
                0x0600cac0                __ashiftrt_r4_14
                0x0600cac2                __ashiftrt_r4_13
                0x0600cac4                __ashiftrt_r4_12
                0x0600cac6                __ashiftrt_r4_11
                0x0600cac8                __ashiftrt_r4_10
                0x0600caca                __ashiftrt_r4_9
                0x0600cacc                __ashiftrt_r4_8
                0x0600cace                __ashiftrt_r4_7
                0x0600cad0                __ashiftrt_r4_6
                0x0600cad2                __ashiftrt_r4_5
                0x0600cad4                __ashiftrt_r4_4
                0x0600cad6                __ashiftrt_r4_3
                0x0600cad8                __ashiftrt_r4_2
                0x0600cada                __ashiftrt_r4_1
                0x0600cade                __ashiftrt_r4_0
 *fill*         0x0600cae2        0x2 
 .text          0x0600cae4       0xa0 c:/users/ash/documents/joengine-master/compiler/windows/bin/../lib/gcc/sh-elf/9.3.0\libgcc.a(_sdivsi3.o)
                0x0600cae4                __sdivsi3
 .text          0x0600cb84       0x6c c:/users/ash/documents/joengine-master/compiler/windows/bin/../lib/gcc/sh-elf/9.3.0\libgcc.a(_udivsi3.o)
                0x0600cba6                __udivsi3
 .text          0x0600cbf0      0x208 c:/users/ash/documents/joengine-master/compiler/windows/bin/../lib/gcc/sh-elf/9.3.0\libgcc.a(_mul_df.o)
                0x0600cbf0                __muldf3
 .text          0x0600cdf8       0xa8 c:/users/ash/documents/joengine-master/compiler/windows/bin/../lib/gcc/sh-elf/9.3.0\libgcc.a(_si_to_df.o)
                0x0600cdf8                __floatsidf
 .text          0x0600cea0       0xa0 c:/users/ash/documents/joengine-master/compiler/windows/bin/../lib/gcc/sh-elf/9.3.0\libgcc.a(_df_to_si.o)
                0x0600cea0                __fixdfsi
 .text          0x0600cf40        0x0 c:/users/ash/documents/joengine-master/compiler/windows/bin/../lib/gcc/sh-elf/9.3.0\libgcc.a(_thenan_df.o)
 .text          0x0600cf40       0xbc c:/users/ash/documents/joengine-master/compiler/windows/bin/../lib/gcc/sh-elf/9.3.0\libgcc.a(_ashiftlt.o)
                0x0600cf40                __ashlsi3
                0x0600cf44                __ashlsi3_r0
 .text          0x0600cffc       0xbc c:/users/ash/documents/joengine-master/compiler/windows/bin/../lib/gcc/sh-elf/9.3.0\libgcc.a(_lshiftrt.o)
                0x0600cffc                __lshrsi3
                0x0600d000                __lshrsi3_r0
 .text          0x0600d0b8       0x54 c:/users/ash/documents/joengine-master/compiler/windows/bin/../lib/gcc/sh-elf/9.3.0\libgcc.a(_clzsi2.o)
                0x0600d0b8                __clzsi2
 .text          0x0600d10c      0x274 c:/users/ash/documents/joengine-master/compiler/windows/bin/../lib/gcc/sh-elf/9.3.0\libgcc.a(_pack_df.o)
                0x0600d10c                __pack_d
 .text          0x0600d380       0xcc c:/users/ash/documents/joengine-master/compiler/windows/bin/../lib/gcc/sh-elf/9.3.0\libgcc.a(_unpack_df.o)
                0x0600d380                __unpack_d
 .text          0x0600d44c        0x0 c:/users/ash/documents/joengine-master/compiler/windows/bin/../lib/gcc/sh-elf/9.3.0\libgcc.a(_clz.o)
 .text          0x0600d44c       0x1e c:/users/ash/documents/joengine-master/compiler/windows/bin/../lib/gcc/sh-elf/9.3.0/../../../../sh-elf/lib\libc.a(lib_a-memcmp.o)
                0x0600d44c                memcmp
 *fill*         0x0600d46a        0x2 
 .text          0x0600d46c       0x94 c:/users/ash/documents/joengine-master/compiler/windows/bin/../lib/gcc/sh-elf/9.3.0/../../../../sh-elf/lib\libc.a(lib_a-memcpy.o)
                0x0600d46c                memcpy
 .text          0x0600d500       0x40 c:/users/ash/documents/joengine-master/compiler/windows/bin/../lib/gcc/sh-elf/9.3.0/../../../../sh-elf/lib\libc.a(lib_a-memset.o)
                0x0600d500                memset
 .text          0x0600d540       0x2a c:/users/ash/documents/joengine-master/compiler/windows/bin/../lib/gcc/sh-elf/9.3.0/../../../../sh-elf/lib\libc.a(lib_a-strncmp.o)
                0x0600d540                strncmp
 .text          0x0600d56a       0x36 c:/users/ash/documents/joengine-master/compiler/windows/bin/../lib/gcc/sh-elf/9.3.0/../../../../sh-elf/lib\libc.a(lib_a-strncpy.o)
                0x0600d56a                strncpy
 *(.strings)
 *(SEGA_P)
 *(.eh_frame_hdr)
 *(.eh_frame)
                0x0600d5a0                __etext = .

.text.startup   0x0600d5a0      0x2e0
 .text.startup  0x0600d5a0      0x2d4 main.o
                0x0600d5a0                main

SLPROG          0x0600d880    0x11330
                0x0600d880                __slprog_start = .
 *(SLPROG)
 SLPROG         0x0600d880     0x6540 ../../Compiler/COMMON/SGL_302j/LIB_ELF/SGLAREA.O
                0x0600d880                MasterStack
                0x0600d884                SlaveStack
                0x0600d888                MaxVertices
                0x0600d88a                MaxPolygons
                0x0600d88c                SortList
                0x0600d890                SortListSize
                0x0600d894                TransList
                0x0600d898                Zbuffer
                0x0600d89c                SpriteBuf
                0x0600d8a0                SpriteBufSize
                0x0600d8a4                Pbuffer
                0x0600d8a8                CommandBuf
                0x0600d8ac                CLOfstBuf
                0x0600d8b0                PCM_Work
                0x0600d8b4                PCM_WkSize
                0x0600d8b8                MaxEvents
                0x0600d8ba                EventSize
                0x0600d8bc                MaxWorks
                0x0600d8be                WorkSize
                0x0600d8c0                RemainEvent
                0x0600d9c0                RemainWork
                0x0600ddc0                EventBuf
                0x0600fdc0                WorkBuf
 SLPROG         0x06013dc0        0xa ../../Compiler/COMMON/SGL_302j/LIB_ELF/LIBSGL.A(sglA06.o)
                0x06013dc0                slMulFX
 *fill*         0x06013dca        0x6 
 SLPROG         0x06013dd0       0x10 ../../Compiler/COMMON/SGL_302j/LIB_ELF/LIBSGL.A(sglA08.o)
                0x06013dd0                slInnerProduct
 SLPROG         0x06013de0       0x2c ../../Compiler/COMMON/SGL_302j/LIB_ELF/LIBSGL.A(sglA14.o)
                0x06013de0                slCalcPoint
 *fill*         0x06013e0c        0x4 
 SLPROG         0x06013e10       0xd0 ../../Compiler/COMMON/SGL_302j/LIB_ELF/LIBSGL.A(sglA16.o)
                0x06013e10                slLookAt
 SLPROG         0x06013ee0       0x78 ../../Compiler/COMMON/SGL_302j/LIB_ELF/LIBSGL.A(sglA17.o)
                0x06013ee0                slRotZ
                0x06013eea                slRotZSC
 *fill*         0x06013f58        0x8 
 SLPROG         0x06013f60       0x78 ../../Compiler/COMMON/SGL_302j/LIB_ELF/LIBSGL.A(sglA18.o)
                0x06013f60                slRotY
                0x06013f6a                slRotYSC
 *fill*         0x06013fd8        0x8 
 SLPROG         0x06013fe0       0x78 ../../Compiler/COMMON/SGL_302j/LIB_ELF/LIBSGL.A(sglA19.o)
                0x06013fe0                slRotX
                0x06013fea                slRotXSC
 *fill*         0x06014058        0x8 
 SLPROG         0x06014060      0x42c ../../Compiler/COMMON/SGL_302j/LIB_ELF/LIBSGL.A(sglA20.o)
                0x06014060                slInitMatrix
                0x0601406a                slPushUnitMatrix
                0x0601407e                slUnitMatrix
 *fill*         0x0601448c        0x4 
 SLPROG         0x06014490       0x48 ../../Compiler/COMMON/SGL_302j/LIB_ELF/LIBSGL.A(sglA21.o)
                0x06014490                slPushMatrix
                0x060144c4                slDecMatrixPtr
                0x060144c4                slPopMatrix
 *fill*         0x060144d8        0x8 
 SLPROG         0x060144e0       0x50 ../../Compiler/COMMON/SGL_302j/LIB_ELF/LIBSGL.A(sglA27.o)
                0x060144e0                slTranslate
 SLPROG         0x06014530       0x98 ../../Compiler/COMMON/SGL_302j/LIB_ELF/LIBSGL.A(sglA39.o)
                0x06014530                slConvert3Dto2DFX
 *fill*         0x060145c8        0x8 
 SLPROG         0x060145d0       0x22 ../../Compiler/COMMON/SGL_302j/LIB_ELF/LIBSGL.A(sglA40.o)
                0x060145d0                slCalcVector
 *fill*         0x060145f2        0xe 
 SLPROG         0x06014600       0x1e ../../Compiler/COMMON/SGL_302j/LIB_ELF/LIBSGL.A(sglB002.o)
                0x06014600                slColRAMMode
 *fill*         0x0601461e        0x2 
 SLPROG         0x06014620        0x8 ../../Compiler/COMMON/SGL_302j/LIB_ELF/LIBSGL.A(sglB014.o)
                0x06014620                slScrTransparent
 *fill*         0x06014628        0x8 
 SLPROG         0x06014630      0x40c ../../Compiler/COMMON/SGL_302j/LIB_ELF/LIBSGL.A(sglB015.o)
                0x06014630                slScrAutoDisp
 *fill*         0x06014a3c        0x4 
 SLPROG         0x06014a40        0xc ../../Compiler/COMMON/SGL_302j/LIB_ELF/LIBSGL.A(sglB016.o)
                0x06014a40                slBack1ColSet
 *fill*         0x06014a4c        0x4 
 SLPROG         0x06014a50       0xb4 ../../Compiler/COMMON/SGL_302j/LIB_ELF/LIBSGL.A(sglB032.o)
                0x06014a50                slMapNbg1
 *fill*         0x06014b04        0xc 
 SLPROG         0x06014b10       0xb0 ../../Compiler/COMMON/SGL_302j/LIB_ELF/LIBSGL.A(sglB033.o)
                0x06014b10                slMapNbg2
 SLPROG         0x06014bc0       0xd4 ../../Compiler/COMMON/SGL_302j/LIB_ELF/LIBSGL.A(sglB035.o)
                0x06014bc0                sl1MapRA
                0x06014c52                rbank_set
 *fill*         0x06014c94        0xc 
 SLPROG         0x06014ca0       0x70 ../../Compiler/COMMON/SGL_302j/LIB_ELF/LIBSGL.A(sglB038.o)
                0x06014ca0                slRparaInitSet
 SLPROG         0x06014d10       0x7e ../../Compiler/COMMON/SGL_302j/LIB_ELF/LIBSGL.A(sglB039.o)
                0x06014d10                slMakeKtable
 *fill*         0x06014d8e        0x2 
 SLPROG         0x06014d90       0x58 ../../Compiler/COMMON/SGL_302j/LIB_ELF/LIBSGL.A(sglB040.o)
                0x06014d90                slKtableRA
 *fill*         0x06014de8        0x8 
 SLPROG         0x06014df0       0x10 ../../Compiler/COMMON/SGL_302j/LIB_ELF/LIBSGL.A(sglB042.o)
                0x06014df0                slCurRpara
 SLPROG         0x06014e00        0x8 ../../Compiler/COMMON/SGL_302j/LIB_ELF/LIBSGL.A(sglB043.o)
                0x06014e00                slRparaMode
 *fill*         0x06014e08        0x8 
 SLPROG         0x06014e10      0x4e4 ../../Compiler/COMMON/SGL_302j/LIB_ELF/LIBSGL.A(sglB044.o)
                0x06014e10                slScrMatSet
 *fill*         0x060152f4        0xc 
 SLPROG         0x06015300       0x28 ../../Compiler/COMMON/SGL_302j/LIB_ELF/LIBSGL.A(sglB045.o)
                0x06015300                slScrMatConv
 *fill*         0x06015328        0x8 
 SLPROG         0x06015330        0xc ../../Compiler/COMMON/SGL_302j/LIB_ELF/LIBSGL.A(sglB047.o)
                0x06015330                slOverRA
 *fill*         0x0601533c        0x4 
 SLPROG         0x06015340        0xc ../../Compiler/COMMON/SGL_302j/LIB_ELF/LIBSGL.A(sglB056.o)
                0x06015340                slPlaneNbg1
 *fill*         0x0601534c        0x4 
 SLPROG         0x06015350       0x10 ../../Compiler/COMMON/SGL_302j/LIB_ELF/LIBSGL.A(sglB057.o)
                0x06015350                slPlaneNbg2
 SLPROG         0x06015360        0xc ../../Compiler/COMMON/SGL_302j/LIB_ELF/LIBSGL.A(sglB059.o)
                0x06015360                slPlaneRA
 *fill*         0x0601536c        0x4 
 SLPROG         0x06015370        0xc ../../Compiler/COMMON/SGL_302j/LIB_ELF/LIBSGL.A(sglB063.o)
                0x06015370                slPriority
 *fill*         0x0601537c        0x4 
 SLPROG         0x06015380        0xc ../../Compiler/COMMON/SGL_302j/LIB_ELF/LIBSGL.A(sglB086.o)
                0x06015380                slScrWindowMode
 *fill*         0x0601538c        0x4 
 SLPROG         0x06015390        0x8 ../../Compiler/COMMON/SGL_302j/LIB_ELF/LIBSGL.A(sglB088.o)
                0x06015390                slLineScrollTable1
 *fill*         0x06015398        0x8 
 SLPROG         0x060153a0        0xc ../../Compiler/COMMON/SGL_302j/LIB_ELF/LIBSGL.A(sglB090.o)
                0x060153a0                slLineScrollMode
 *fill*         0x060153ac        0x4 
 SLPROG         0x060153b0      0x114 ../../Compiler/COMMON/SGL_302j/LIB_ELF/LIBSGL.A(sglB200.o)
                0x060153b0                slCharRbg0
                0x060153bc                slCharNbg0
                0x060153c8                slCharNbg1
                0x060153d4                slCharNbg2
                0x060153ea                slCharNbg3
                0x06015402                slPageRbg0
                0x06015418                slPageNbg1
                0x06015420                slPageNbg2
                0x06015428                slPageNbg3
                0x06015434                slPageNbg0
 *fill*         0x060154c4        0xc 
 SLPROG         0x060154d0       0x2c ../../Compiler/COMMON/SGL_302j/LIB_ELF/LIBSGL.A(sglC04.o)
                0x060154d0                slZdspLevel
 *fill*         0x060154fc        0x4 
 SLPROG         0x06015500       0x78 ../../Compiler/COMMON/SGL_302j/LIB_ELF/LIBSGL.A(sglC05.o)
                0x06015500                slSetSprite
 *fill*         0x06015578        0x8 
 SLPROG         0x06015580       0x54 ../../Compiler/COMMON/SGL_302j/LIB_ELF/LIBSGL.A(sglC16.o)
                0x06015580                slDynamicFrame
 *fill*         0x060155d4        0xc 
 SLPROG         0x060155e0       0x40 ../../Compiler/COMMON/SGL_302j/LIB_ELF/LIBSGL.A(sglC20.o)
                0x060155e0                SpriteEntry
 SLPROG         0x06015620       0x3c ../../Compiler/COMMON/SGL_302j/LIB_ELF/LIBSGL.A(sglC23.o)
                0x06015620                slSetScreenDist
 *fill*         0x0601565c        0x4 
 SLPROG         0x06015660       0x84 ../../Compiler/COMMON/SGL_302j/LIB_ELF/LIBSGL.A(sglD00.o)
                0x06015660                slCpuDMACopy
                0x06015660                slDMACopy
                0x060156ba                CSH_AllClr
                0x060156ba                slCashPurge
 *fill*         0x060156e4        0xc 
 SLPROG         0x060156f0       0xa0 ../../Compiler/COMMON/SGL_302j/LIB_ELF/LIBSGL.A(sglD01.o)
                0x060156f0                slDMAXCopy
 SLPROG         0x06015790       0x10 ../../Compiler/COMMON/SGL_302j/LIB_ELF/LIBSGL.A(sglD02.o)
                0x06015790                slDMAWait
 SLPROG         0x060157a0        0xc ../../Compiler/COMMON/SGL_302j/LIB_ELF/LIBSGL.A(sglD03.o)
                0x060157a0                slDMAStatus
 *fill*         0x060157ac        0x4 
 SLPROG         0x060157b0       0x20 ../../Compiler/COMMON/SGL_302j/LIB_ELF/LIBSGL.A(sglD15.o)
                0x060157b0                CSH_Purge
 SLPROG         0x060157d0       0x84 ../../Compiler/COMMON/SGL_302j/LIB_ELF/LIBSGL.A(sglD16.o)
                0x060157d0                DMA_ScuSetPrm
                0x06015818                DMA_SCU_PRM0
 *fill*         0x06015854        0xc 
 SLPROG         0x06015860       0x88 ../../Compiler/COMMON/SGL_302j/LIB_ELF/LIBSGL.A(sglD17.o)
                0x06015860                DMA_ScuStart
 *fill*         0x060158e8        0x8 
 SLPROG         0x060158f0       0x34 ../../Compiler/COMMON/SGL_302j/LIB_ELF/LIBSGL.A(sglD18.o)
                0x060158f0                DMA_ScuGetStatus
 *fill*         0x06015924        0xc 
 SLPROG         0x06015930       0x4e ../../Compiler/COMMON/SGL_302j/LIB_ELF/LIBSGL.A(sglF00.o)
                0x06015930                slCurScrn
                0x06015940                slCurColor
                0x0601594a                slLocate
                0x0601597c                CurrentScreen
 *fill*         0x0601597e        0x2 
 SLPROG         0x06015980      0x12a ../../Compiler/COMMON/SGL_302j/LIB_ELF/LIBSGL.A(sglF03.o)
                0x06015980                slPrintFX
 *fill*         0x06015aaa        0x6 
 SLPROG         0x06015ab0       0x1c ../../Compiler/COMMON/SGL_302j/LIB_ELF/LIBSGL.A(sglF05.o)
                0x06015ab0                slPrint
 *fill*         0x06015acc        0x4 
 SLPROG         0x06015ad0      0xfc8 ../../Compiler/COMMON/SGL_302j/LIB_ELF/LIBSGL.A(sglH00.o)
                0x06015ae8                slGetPortDir1
                0x06015af0                slGetPortDir2
                0x06015af8                slSetPortDir1
                0x06015b22                slSetPortDir2
                0x06015b5c                slGetPortData1
                0x06015b64                slGetPortData2
                0x06015b6c                slSetPortData1
                0x06015b76                slSetPortData2
                0x06015b88                slGetPortSelect1
                0x06015b92                slGetPortSelect2
                0x06015b9c                slSetPortSelect1
                0x06015bd0                slSetPortSelect2
                0x06015c0c                slGetPortExt1
                0x06015c16                slGetPortExt2
                0x06015c20                slSetPortExt1
                0x06015c50                slSetPortExt2
                0x06015dc4                slSmpcDirectAccess
                0x06015e44                slInitPeripheral
                0x06015ed6                slSetResultBuffer
                0x06015f62                slCheckIntBackSet
                0x06015f6e                slIntBackCancel
                0x06015f98                slCheckReset
                0x06015fa2                slClearReset
                0x06016168                slSmpcCashSend
                0x06016224                slSmpcCashBlow
                0x06016300                slGetOptimize
                0x0601630a                slSetOptimize
                0x06016330                slGetPortMode1
                0x0601633c                slGetPortMode2
                0x0601634a                slSetPortMode1
                0x06016388                slSetPortMode2
                0x06016514                slRequestCommand
                0x06016584                Smpc_Status
                0x06016588                Smpc_Result
                0x0601658c                Smpc_Peripheral
                0x06016592                Per_Connect1
                0x06016593                Per_Connect2
                0x060165b4                SmpcStatusBuf
 *fill*         0x06016a98        0x8 
 SLPROG         0x06016aa0      0x470 ../../Compiler/COMMON/SGL_302j/LIB_ELF/LIBSGL.A(sglH02.o)
                0x06016e90                smpc_pfr_tbl
                0x06016ed0                smpc_ptf_tbl
 SLPROG         0x06016f10       0x60 ../../Compiler/COMMON/SGL_302j/LIB_ELF/LIBSGL.A(sglH04.o)
                0x06016f10                slComPrmIntBack
                0x06016f24                slComPrmSetMemory
                0x06016f3a                slComPrmSetTime
 SLPROG         0x06016f70      0x3a4 ../../Compiler/COMMON/SGL_302j/LIB_ELF/LIBSGL.A(sglI01.o)
                0x06016f70                slInitSynch
                0x06016f8a                slSynch
                0x06017080                slRandom
                0x0601709e                PCM_EndCheck
                0x0601715a                RetPCMBuf
                0x060171f4                PCM_Buf
                0x06017294                Sound_Buf
 *fill*         0x06017314        0xc 
 SLPROG         0x06017320       0x74 ../../Compiler/COMMON/SGL_302j/LIB_ELF/LIBSGL.A(sglJ00.o)
                0x06017320                InitSlaveSH
                0x06017388                SlaveCommand
 *fill*         0x06017394        0xc 
 SLPROG         0x060173a0      0x3d0 ../../Compiler/COMMON/SGL_302j/LIB_ELF/LIBSGL.A(sglJ01.o)
                0x060173a0                SlaveControl
                0x0601775c                ErasePolygonData
 SLPROG         0x06017770     0x12b8 ../../Compiler/COMMON/SGL_302j/LIB_ELF/LIBSGL.A(sglJ02.o)
                0x06017770                sbMakePolygon
                0x06017958                sbCalcPolygon
                0x06018690                SetTexture
                0x0601869c                SetPolygon
                0x060186a4                SetPosition
                0x060186dc                stvtc_4
                0x06018794                stvtc_3
                0x060189a4                stvtc_1
                0x060189b8                stvtc_2
                0x060189cc                stvtc_0
 *fill*         0x06018a28        0x8 
 SLPROG         0x06018a30      0x140 ../../Compiler/COMMON/SGL_302j/LIB_ELF/LIBSGL.A(sglJ03.o)
                0x06018a30                sbMakeDMATable
 SLPROG         0x06018b70      0x470 ../../Compiler/COMMON/SGL_302j/LIB_ELF/LIBSGL.A(sglJ04.o)
                0x06018bce                sbMakeSprite
                0x06018c34                sbMakeRotSprite
 SLPROG         0x06018fe0       0x3c ../../Compiler/COMMON/SGL_302j/LIB_ELF/LIBSGL.A(sglJ05.o)
                0x06018fe0                sbSortEntry
 *fill*         0x0601901c        0x4 
 SLPROG         0x06019020       0x6a ../../Compiler/COMMON/SGL_302j/LIB_ELF/LIBSGL.A(sglM01.o)
                0x06019020                slSetDepthLimit
                0x0601904c                slSetDepthTbl
                0x0601907c                DepthWorkArea
 *fill*         0x0601908a        0x6 
 SLPROG         0x06019090       0x20 ../../Compiler/COMMON/SGL_302j/LIB_ELF/LIBSGL.A(sglA00.o)
                0x06019090                set_imask
                0x06019090                _builtin_set_imask
                0x060190a4                _builtin_get_imask
                0x060190a4                get_imask
 SLPROG         0x060190b0     0x411e ../../Compiler/COMMON/SGL_302j/LIB_ELF/LIBSGL.A(sglA01.o)
                0x060190b0                slSin
                0x060190d4                slCos
                0x060190f8                GetSinCos
                0x0601918c                sin_cos_index_tbl
                0x060191cc                sin_tbl
 *fill*         0x0601d1ce        0x2 
 SLPROG         0x0601d1d0       0x34 ../../Compiler/COMMON/SGL_302j/LIB_ELF/LIBSGL.A(sglA10.o)
                0x0601d1d0                slSquartDbl
 *fill*         0x0601d204        0xc 
 SLPROG         0x0601d210      0x3c2 ../../Compiler/COMMON/SGL_302j/LIB_ELF/LIBSGL.A(sglA24.o)
                0x0601d210                slInversMatrix
 *fill*         0x0601d5d2        0xe 
 SLPROG         0x0601d5e0       0x70 ../../Compiler/COMMON/SGL_302j/LIB_ELF/LIBSGL.A(sglA28.o)
                0x0601d5e0                slScale
 SLPROG         0x0601d650      0xbd0 ../../Compiler/COMMON/SGL_302j/LIB_ELF/LIBSGL.A(sglB000.o)
                0x0601d650                slInitScroll
                0x0601d770                setASC_1to8
                0x0601d7a0                setASC_4to8
                0x0601d8b0                TVSizeTbl
                0x0601d930                TVModeTbl
                0x0601db08                SGL_ASCII_CG
 SLPROG         0x0601e220      0x134 ../../Compiler/COMMON/SGL_302j/LIB_ELF/LIBSGL.A(sglC00.o)
                0x0601e220                slInitSprite
 *fill*         0x0601e354        0xc 
 SLPROG         0x0601e360      0x75c ../../Compiler/COMMON/SGL_302j/LIB_ELF/LIBSGL.A(sglI00.o)
                0x0601e650                slInitInterrupt
 *fill*         0x0601eabc        0x4 
 SLPROG         0x0601eac0       0xf0 ../../Compiler/COMMON/SGL_302j/LIB_ELF/LIBSGL.A(sglH03.o)
                0x0601eb24                slSmpcIntBack
                0x0601ebb0                __slprog_end = .

.tors           0x0601ebb0        0x0
                0x0601ebb0                ___ctors = .
 *(.ctors)
                0x0601ebb0                ___ctors_end = .
                0x0601ebb0                ___dtors = .
 *(.dtors)
                0x0601ebb0                ___dtors_end = .

.data           0x0601ebb0      0x820
 *(.data)
 .data          0x0601ebb0        0x0 ../../Compiler/COMMON/SGL_302j/LIB_ELF/SGLAREA.O
 .data          0x0601ebb0        0x0 main.o
 .data          0x0601ebb0        0x0 foxfs.o
 .data          0x0601ebb0      0x7a0 foxgfx.o
                0x0601ebb0                LightCol
                0x0601ebb8                FNORMS
 .data          0x0601f350        0x0 ../../Compiler/COMMON/SGL_302j/LIB_ELF/LIBCD.A(GFS.O)
 .data          0x0601f350        0x0 ../../Compiler/COMMON/SGL_302j/LIB_ELF/LIBCD.A(GFS_BUF.O)
 .data          0x0601f350        0x0 ../../Compiler/COMMON/SGL_302j/LIB_ELF/LIBCD.A(GFS_CDB.O)
 .data          0x0601f350        0x0 ../../Compiler/COMMON/SGL_302j/LIB_ELF/LIBCD.A(GFS_CDC.O)
 .data          0x0601f350        0x0 ../../Compiler/COMMON/SGL_302j/LIB_ELF/LIBCD.A(GFS_CDF.O)
 .data          0x0601f350        0x0 ../../Compiler/COMMON/SGL_302j/LIB_ELF/LIBCD.A(GFS_DIR.O)
 .data          0x0601f350        0x0 ../../Compiler/COMMON/SGL_302j/LIB_ELF/LIBCD.A(GFS_TRN.O)
 .data          0x0601f350        0x0 ../../Compiler/COMMON/SGL_302j/LIB_ELF/LIBCD.A(CDC_CMN.O)
 .data          0x0601f350        0x0 ../../Compiler/COMMON/SGL_302j/LIB_ELF/LIBCD.A(CDC_DRV.O)
 .data          0x0601f350        0x0 ../../Compiler/COMMON/SGL_302j/LIB_ELF/LIBCD.A(CDC_DEV.O)
 .data          0x0601f350        0x0 ../../Compiler/COMMON/SGL_302j/LIB_ELF/LIBCD.A(CDC_SEL.O)
 .data          0x0601f350        0x0 ../../Compiler/COMMON/SGL_302j/LIB_ELF/LIBCD.A(CDC_BIF.O)
 .data          0x0601f350        0x0 ../../Compiler/COMMON/SGL_302j/LIB_ELF/LIBCD.A(CDC_BIO.O)
 .data          0x0601f350        0x0 ../../Compiler/COMMON/SGL_302j/LIB_ELF/LIBCD.A(CDC_CFS.O)
 .data          0x0601f350        0x0 ../../Compiler/COMMON/SGL_302j/LIB_ELF/LIBCD.A(CDC_REG.O)
 .data          0x0601f350        0x0 ../../Compiler/COMMON/SGL_302j/LIB_ELF/LIBCD.A(CDC_SUB.O)
 .data          0x0601f350        0x0 ../../Compiler/COMMON/SGL_302j/LIB_ELF/LIBSGL.A(sglA06.o)
 .data          0x0601f350        0x0 ../../Compiler/COMMON/SGL_302j/LIB_ELF/LIBSGL.A(sglA08.o)
 .data          0x0601f350        0x0 ../../Compiler/COMMON/SGL_302j/LIB_ELF/LIBSGL.A(sglA14.o)
 .data          0x0601f350        0x0 ../../Compiler/COMMON/SGL_302j/LIB_ELF/LIBSGL.A(sglA16.o)
 .data          0x0601f350        0x0 ../../Compiler/COMMON/SGL_302j/LIB_ELF/LIBSGL.A(sglA17.o)
 .data          0x0601f350        0x0 ../../Compiler/COMMON/SGL_302j/LIB_ELF/LIBSGL.A(sglA18.o)
 .data          0x0601f350        0x0 ../../Compiler/COMMON/SGL_302j/LIB_ELF/LIBSGL.A(sglA19.o)
 .data          0x0601f350        0x0 ../../Compiler/COMMON/SGL_302j/LIB_ELF/LIBSGL.A(sglA20.o)
 .data          0x0601f350        0x0 ../../Compiler/COMMON/SGL_302j/LIB_ELF/LIBSGL.A(sglA21.o)
 .data          0x0601f350        0x0 ../../Compiler/COMMON/SGL_302j/LIB_ELF/LIBSGL.A(sglA27.o)
 .data          0x0601f350        0x0 ../../Compiler/COMMON/SGL_302j/LIB_ELF/LIBSGL.A(sglA39.o)
 .data          0x0601f350        0x0 ../../Compiler/COMMON/SGL_302j/LIB_ELF/LIBSGL.A(sglA40.o)
 .data          0x0601f350        0x0 ../../Compiler/COMMON/SGL_302j/LIB_ELF/LIBSGL.A(sglB002.o)
 .data          0x0601f350        0x0 ../../Compiler/COMMON/SGL_302j/LIB_ELF/LIBSGL.A(sglB014.o)
 .data          0x0601f350        0x0 ../../Compiler/COMMON/SGL_302j/LIB_ELF/LIBSGL.A(sglB015.o)
 .data          0x0601f350        0x0 ../../Compiler/COMMON/SGL_302j/LIB_ELF/LIBSGL.A(sglB016.o)
 .data          0x0601f350        0x0 ../../Compiler/COMMON/SGL_302j/LIB_ELF/LIBSGL.A(sglB032.o)
 .data          0x0601f350        0x0 ../../Compiler/COMMON/SGL_302j/LIB_ELF/LIBSGL.A(sglB033.o)
 .data          0x0601f350        0x0 ../../Compiler/COMMON/SGL_302j/LIB_ELF/LIBSGL.A(sglB035.o)
 .data          0x0601f350        0x0 ../../Compiler/COMMON/SGL_302j/LIB_ELF/LIBSGL.A(sglB038.o)
 .data          0x0601f350        0x0 ../../Compiler/COMMON/SGL_302j/LIB_ELF/LIBSGL.A(sglB039.o)
 .data          0x0601f350        0x0 ../../Compiler/COMMON/SGL_302j/LIB_ELF/LIBSGL.A(sglB040.o)
 .data          0x0601f350        0x0 ../../Compiler/COMMON/SGL_302j/LIB_ELF/LIBSGL.A(sglB042.o)
 .data          0x0601f350        0x0 ../../Compiler/COMMON/SGL_302j/LIB_ELF/LIBSGL.A(sglB043.o)
 .data          0x0601f350        0x0 ../../Compiler/COMMON/SGL_302j/LIB_ELF/LIBSGL.A(sglB044.o)
 .data          0x0601f350        0x0 ../../Compiler/COMMON/SGL_302j/LIB_ELF/LIBSGL.A(sglB045.o)
 .data          0x0601f350        0x0 ../../Compiler/COMMON/SGL_302j/LIB_ELF/LIBSGL.A(sglB047.o)
 .data          0x0601f350        0x0 ../../Compiler/COMMON/SGL_302j/LIB_ELF/LIBSGL.A(sglB056.o)
 .data          0x0601f350        0x0 ../../Compiler/COMMON/SGL_302j/LIB_ELF/LIBSGL.A(sglB057.o)
 .data          0x0601f350        0x0 ../../Compiler/COMMON/SGL_302j/LIB_ELF/LIBSGL.A(sglB059.o)
 .data          0x0601f350        0x0 ../../Compiler/COMMON/SGL_302j/LIB_ELF/LIBSGL.A(sglB063.o)
 .data          0x0601f350        0x0 ../../Compiler/COMMON/SGL_302j/LIB_ELF/LIBSGL.A(sglB086.o)
 .data          0x0601f350        0x0 ../../Compiler/COMMON/SGL_302j/LIB_ELF/LIBSGL.A(sglB088.o)
 .data          0x0601f350        0x0 ../../Compiler/COMMON/SGL_302j/LIB_ELF/LIBSGL.A(sglB090.o)
 .data          0x0601f350        0x0 ../../Compiler/COMMON/SGL_302j/LIB_ELF/LIBSGL.A(sglB200.o)
 .data          0x0601f350        0x0 ../../Compiler/COMMON/SGL_302j/LIB_ELF/LIBSGL.A(sglC04.o)
 .data          0x0601f350        0x0 ../../Compiler/COMMON/SGL_302j/LIB_ELF/LIBSGL.A(sglC05.o)
 .data          0x0601f350        0x0 ../../Compiler/COMMON/SGL_302j/LIB_ELF/LIBSGL.A(sglC16.o)
 .data          0x0601f350        0x0 ../../Compiler/COMMON/SGL_302j/LIB_ELF/LIBSGL.A(sglC20.o)
 .data          0x0601f350        0x0 ../../Compiler/COMMON/SGL_302j/LIB_ELF/LIBSGL.A(sglC23.o)
 .data          0x0601f350        0x0 ../../Compiler/COMMON/SGL_302j/LIB_ELF/LIBSGL.A(sglD00.o)
 .data          0x0601f350        0x0 ../../Compiler/COMMON/SGL_302j/LIB_ELF/LIBSGL.A(sglD01.o)
 .data          0x0601f350        0x0 ../../Compiler/COMMON/SGL_302j/LIB_ELF/LIBSGL.A(sglD02.o)
 .data          0x0601f350        0x0 ../../Compiler/COMMON/SGL_302j/LIB_ELF/LIBSGL.A(sglD03.o)
 .data          0x0601f350        0x0 ../../Compiler/COMMON/SGL_302j/LIB_ELF/LIBSGL.A(sglD15.o)
 .data          0x0601f350        0x0 ../../Compiler/COMMON/SGL_302j/LIB_ELF/LIBSGL.A(sglD16.o)
 .data          0x0601f350        0x0 ../../Compiler/COMMON/SGL_302j/LIB_ELF/LIBSGL.A(sglD17.o)
 .data          0x0601f350        0x0 ../../Compiler/COMMON/SGL_302j/LIB_ELF/LIBSGL.A(sglD18.o)
 .data          0x0601f350        0x0 ../../Compiler/COMMON/SGL_302j/LIB_ELF/LIBSGL.A(sglF00.o)
 .data          0x0601f350        0x0 ../../Compiler/COMMON/SGL_302j/LIB_ELF/LIBSGL.A(sglF03.o)
 .data          0x0601f350        0x0 ../../Compiler/COMMON/SGL_302j/LIB_ELF/LIBSGL.A(sglF05.o)
 .data          0x0601f350        0x0 ../../Compiler/COMMON/SGL_302j/LIB_ELF/LIBSGL.A(sglH00.o)
 .data          0x0601f350        0x0 ../../Compiler/COMMON/SGL_302j/LIB_ELF/LIBSGL.A(sglH02.o)
 .data          0x0601f350        0x0 ../../Compiler/COMMON/SGL_302j/LIB_ELF/LIBSGL.A(sglH04.o)
 .data          0x0601f350        0x0 ../../Compiler/COMMON/SGL_302j/LIB_ELF/LIBSGL.A(sglI01.o)
 .data          0x0601f350       0x80 ../../Compiler/COMMON/SGL_302j/LIB_ELF/LIBSGL.A(sglIc0.o)
                0x0601f350                IntPrioMask
 .data          0x0601f3d0        0x0 ../../Compiler/COMMON/SGL_302j/LIB_ELF/LIBSGL.A(sglJ00.o)
 .data          0x0601f3d0        0x0 ../../Compiler/COMMON/SGL_302j/LIB_ELF/LIBSGL.A(sglJ01.o)
 .data          0x0601f3d0        0x0 ../../Compiler/COMMON/SGL_302j/LIB_ELF/LIBSGL.A(sglJ02.o)
 .data          0x0601f3d0        0x0 ../../Compiler/COMMON/SGL_302j/LIB_ELF/LIBSGL.A(sglJ03.o)
 .data          0x0601f3d0        0x0 ../../Compiler/COMMON/SGL_302j/LIB_ELF/LIBSGL.A(sglJ04.o)
 .data          0x0601f3d0        0x0 ../../Compiler/COMMON/SGL_302j/LIB_ELF/LIBSGL.A(sglJ05.o)
 .data          0x0601f3d0        0x0 ../../Compiler/COMMON/SGL_302j/LIB_ELF/LIBSGL.A(sglK01.o)
 .data          0x0601f3d0        0x0 ../../Compiler/COMMON/SGL_302j/LIB_ELF/LIBSGL.A(sglM01.o)
 .data          0x0601f3d0        0x0 ../../Compiler/COMMON/SGL_302j/LIB_ELF/LIBSGL.A(sglA00.o)
 .data          0x0601f3d0        0x0 ../../Compiler/COMMON/SGL_302j/LIB_ELF/LIBSGL.A(sglA01.o)
 .data          0x0601f3d0        0x0 ../../Compiler/COMMON/SGL_302j/LIB_ELF/LIBSGL.A(sglA10.o)
 .data          0x0601f3d0        0x0 ../../Compiler/COMMON/SGL_302j/LIB_ELF/LIBSGL.A(sglA24.o)
 .data          0x0601f3d0        0x0 ../../Compiler/COMMON/SGL_302j/LIB_ELF/LIBSGL.A(sglA28.o)
 .data          0x0601f3d0        0x0 ../../Compiler/COMMON/SGL_302j/LIB_ELF/LIBSGL.A(sglB000.o)
 .data          0x0601f3d0        0x0 ../../Compiler/COMMON/SGL_302j/LIB_ELF/LIBSGL.A(sglC00.o)
 .data          0x0601f3d0        0x0 ../../Compiler/COMMON/SGL_302j/LIB_ELF/LIBSGL.A(sglI00.o)
 .data          0x0601f3d0        0x0 ../../Compiler/COMMON/SGL_302j/LIB_ELF/LIBSGL.A(sglH03.o)
 .data          0x0601f3d0        0x0 c:/users/ash/documents/joengine-master/compiler/windows/bin/../lib/gcc/sh-elf/9.3.0\libgcc.a(_ashiftrt.o)
 .data          0x0601f3d0        0x0 c:/users/ash/documents/joengine-master/compiler/windows/bin/../lib/gcc/sh-elf/9.3.0\libgcc.a(_sdivsi3.o)
 .data          0x0601f3d0        0x0 c:/users/ash/documents/joengine-master/compiler/windows/bin/../lib/gcc/sh-elf/9.3.0\libgcc.a(_udivsi3.o)
 .data          0x0601f3d0        0x0 c:/users/ash/documents/joengine-master/compiler/windows/bin/../lib/gcc/sh-elf/9.3.0\libgcc.a(_mul_df.o)
 .data          0x0601f3d0        0x0 c:/users/ash/documents/joengine-master/compiler/windows/bin/../lib/gcc/sh-elf/9.3.0\libgcc.a(_si_to_df.o)
 .data          0x0601f3d0        0x0 c:/users/ash/documents/joengine-master/compiler/windows/bin/../lib/gcc/sh-elf/9.3.0\libgcc.a(_df_to_si.o)
 .data          0x0601f3d0        0x0 c:/users/ash/documents/joengine-master/compiler/windows/bin/../lib/gcc/sh-elf/9.3.0\libgcc.a(_thenan_df.o)
 .data          0x0601f3d0        0x0 c:/users/ash/documents/joengine-master/compiler/windows/bin/../lib/gcc/sh-elf/9.3.0\libgcc.a(_ashiftlt.o)
 .data          0x0601f3d0        0x0 c:/users/ash/documents/joengine-master/compiler/windows/bin/../lib/gcc/sh-elf/9.3.0\libgcc.a(_lshiftrt.o)
 .data          0x0601f3d0        0x0 c:/users/ash/documents/joengine-master/compiler/windows/bin/../lib/gcc/sh-elf/9.3.0\libgcc.a(_clzsi2.o)
 .data          0x0601f3d0        0x0 c:/users/ash/documents/joengine-master/compiler/windows/bin/../lib/gcc/sh-elf/9.3.0\libgcc.a(_pack_df.o)
 .data          0x0601f3d0        0x0 c:/users/ash/documents/joengine-master/compiler/windows/bin/../lib/gcc/sh-elf/9.3.0\libgcc.a(_unpack_df.o)
 .data          0x0601f3d0        0x0 c:/users/ash/documents/joengine-master/compiler/windows/bin/../lib/gcc/sh-elf/9.3.0\libgcc.a(_clz.o)
 .data          0x0601f3d0        0x0 c:/users/ash/documents/joengine-master/compiler/windows/bin/../lib/gcc/sh-elf/9.3.0/../../../../sh-elf/lib\libc.a(lib_a-memcmp.o)
 .data          0x0601f3d0        0x0 c:/users/ash/documents/joengine-master/compiler/windows/bin/../lib/gcc/sh-elf/9.3.0/../../../../sh-elf/lib\libc.a(lib_a-memcpy.o)
 .data          0x0601f3d0        0x0 c:/users/ash/documents/joengine-master/compiler/windows/bin/../lib/gcc/sh-elf/9.3.0/../../../../sh-elf/lib\libc.a(lib_a-memset.o)
 .data          0x0601f3d0        0x0 c:/users/ash/documents/joengine-master/compiler/windows/bin/../lib/gcc/sh-elf/9.3.0/../../../../sh-elf/lib\libc.a(lib_a-strncmp.o)
 .data          0x0601f3d0        0x0 c:/users/ash/documents/joengine-master/compiler/windows/bin/../lib/gcc/sh-elf/9.3.0/../../../../sh-elf/lib\libc.a(lib_a-strncpy.o)
                0x0601f3d0                __edata = .

.rodata         0x0601f3e0      0x130
 *(.rodata)
 .rodata        0x0601f3e0       0x10 foxgfx.o
 .rodata        0x0601f3f0       0x14 c:/users/ash/documents/joengine-master/compiler/windows/bin/../lib/gcc/sh-elf/9.3.0\libgcc.a(_thenan_df.o)
                0x0601f3f0                __thenan_df
 .rodata        0x0601f404      0x100 c:/users/ash/documents/joengine-master/compiler/windows/bin/../lib/gcc/sh-elf/9.3.0\libgcc.a(_clz.o)
                0x0601f404                __clz_tab

.rodata.str1.4  0x0601f510      0x170
 .rodata.str1.4
                0x0601f510      0x161 main.o

.bss            0x0601f680    0x64650
                0x0601f680                __bstart = .
 *(.bss)
 .bss           0x0601f680        0x0 ../../Compiler/COMMON/SGL_302j/LIB_ELF/SGLAREA.O
 .bss           0x0601f680        0x0 main.o
 .bss           0x0601f680    0x5efcc foxfs.o
                0x0601f680                amtUsed
                0x0601f684                nextFreeFreed
                0x0601f688                totalBlocks
                0x0601f68c                nextFreeIndex
                0x0601f690                LoadingHeap
                0x0603ea90                Heap
                0x0607d290                gfs_work
                0x0607e190                dir_tbl
                0x0607e19c                dir_name
 .bss           0x0607e64c     0x562e foxgfx.o
                0x0607e64c                TotalSizeVram
                0x0607e650                totalTextures
                0x0607e654                FILSEIZEPERM
                0x0607e658                GouraudUsed
                0x0607e65a                GouraudFinal
                0x0608269a                ptWorkArea
                0x0608395a                TexSGL
 *fill*         0x06083c7a        0x6 
 .bss           0x06083c80        0x0 ../../Compiler/COMMON/SGL_302j/LIB_ELF/LIBCD.A(GFS.O)
 .bss           0x06083c80        0x0 ../../Compiler/COMMON/SGL_302j/LIB_ELF/LIBCD.A(GFS_BUF.O)
 .bss           0x06083c80        0x0 ../../Compiler/COMMON/SGL_302j/LIB_ELF/LIBCD.A(GFS_CDB.O)
 .bss           0x06083c80        0x0 ../../Compiler/COMMON/SGL_302j/LIB_ELF/LIBCD.A(GFS_CDC.O)
 .bss           0x06083c80        0x0 ../../Compiler/COMMON/SGL_302j/LIB_ELF/LIBCD.A(GFS_CDF.O)
 .bss           0x06083c80        0x0 ../../Compiler/COMMON/SGL_302j/LIB_ELF/LIBCD.A(GFS_DIR.O)
 .bss           0x06083c80        0xc ../../Compiler/COMMON/SGL_302j/LIB_ELF/LIBCD.A(GFS_TRN.O)
 *fill*         0x06083c8c        0x4 
 .bss           0x06083c90        0x0 ../../Compiler/COMMON/SGL_302j/LIB_ELF/LIBCD.A(CDC_CMN.O)
 .bss           0x06083c90        0x0 ../../Compiler/COMMON/SGL_302j/LIB_ELF/LIBCD.A(CDC_DRV.O)
 .bss           0x06083c90        0x0 ../../Compiler/COMMON/SGL_302j/LIB_ELF/LIBCD.A(CDC_DEV.O)
 .bss           0x06083c90        0x0 ../../Compiler/COMMON/SGL_302j/LIB_ELF/LIBCD.A(CDC_SEL.O)
 .bss           0x06083c90        0x0 ../../Compiler/COMMON/SGL_302j/LIB_ELF/LIBCD.A(CDC_BIF.O)
 .bss           0x06083c90        0x0 ../../Compiler/COMMON/SGL_302j/LIB_ELF/LIBCD.A(CDC_BIO.O)
 .bss           0x06083c90        0x0 ../../Compiler/COMMON/SGL_302j/LIB_ELF/LIBCD.A(CDC_CFS.O)
 .bss           0x06083c90        0x2 ../../Compiler/COMMON/SGL_302j/LIB_ELF/LIBCD.A(CDC_REG.O)
 *fill*         0x06083c92        0xe 
 .bss           0x06083ca0        0xc ../../Compiler/COMMON/SGL_302j/LIB_ELF/LIBCD.A(CDC_SUB.O)
 *fill*         0x06083cac        0x4 
 .bss           0x06083cb0        0x0 ../../Compiler/COMMON/SGL_302j/LIB_ELF/LIBSGL.A(sglA06.o)
 .bss           0x06083cb0        0x0 ../../Compiler/COMMON/SGL_302j/LIB_ELF/LIBSGL.A(sglA08.o)
 .bss           0x06083cb0        0x0 ../../Compiler/COMMON/SGL_302j/LIB_ELF/LIBSGL.A(sglA14.o)
 .bss           0x06083cb0        0x0 ../../Compiler/COMMON/SGL_302j/LIB_ELF/LIBSGL.A(sglA16.o)
 .bss           0x06083cb0        0x0 ../../Compiler/COMMON/SGL_302j/LIB_ELF/LIBSGL.A(sglA17.o)
 .bss           0x06083cb0        0x0 ../../Compiler/COMMON/SGL_302j/LIB_ELF/LIBSGL.A(sglA18.o)
 .bss           0x06083cb0        0x0 ../../Compiler/COMMON/SGL_302j/LIB_ELF/LIBSGL.A(sglA19.o)
 .bss           0x06083cb0        0x0 ../../Compiler/COMMON/SGL_302j/LIB_ELF/LIBSGL.A(sglA20.o)
 .bss           0x06083cb0        0x0 ../../Compiler/COMMON/SGL_302j/LIB_ELF/LIBSGL.A(sglA21.o)
 .bss           0x06083cb0        0x0 ../../Compiler/COMMON/SGL_302j/LIB_ELF/LIBSGL.A(sglA27.o)
 .bss           0x06083cb0        0x0 ../../Compiler/COMMON/SGL_302j/LIB_ELF/LIBSGL.A(sglA39.o)
 .bss           0x06083cb0        0x0 ../../Compiler/COMMON/SGL_302j/LIB_ELF/LIBSGL.A(sglA40.o)
 .bss           0x06083cb0        0x0 ../../Compiler/COMMON/SGL_302j/LIB_ELF/LIBSGL.A(sglB002.o)
 .bss           0x06083cb0        0x0 ../../Compiler/COMMON/SGL_302j/LIB_ELF/LIBSGL.A(sglB014.o)
 .bss           0x06083cb0        0x0 ../../Compiler/COMMON/SGL_302j/LIB_ELF/LIBSGL.A(sglB015.o)
 .bss           0x06083cb0        0x0 ../../Compiler/COMMON/SGL_302j/LIB_ELF/LIBSGL.A(sglB016.o)
 .bss           0x06083cb0        0x0 ../../Compiler/COMMON/SGL_302j/LIB_ELF/LIBSGL.A(sglB032.o)
 .bss           0x06083cb0        0x0 ../../Compiler/COMMON/SGL_302j/LIB_ELF/LIBSGL.A(sglB033.o)
 .bss           0x06083cb0        0x0 ../../Compiler/COMMON/SGL_302j/LIB_ELF/LIBSGL.A(sglB035.o)
 .bss           0x06083cb0        0x0 ../../Compiler/COMMON/SGL_302j/LIB_ELF/LIBSGL.A(sglB038.o)
 .bss           0x06083cb0        0x0 ../../Compiler/COMMON/SGL_302j/LIB_ELF/LIBSGL.A(sglB039.o)
 .bss           0x06083cb0        0x0 ../../Compiler/COMMON/SGL_302j/LIB_ELF/LIBSGL.A(sglB040.o)
 .bss           0x06083cb0        0x0 ../../Compiler/COMMON/SGL_302j/LIB_ELF/LIBSGL.A(sglB042.o)
 .bss           0x06083cb0        0x0 ../../Compiler/COMMON/SGL_302j/LIB_ELF/LIBSGL.A(sglB043.o)
 .bss           0x06083cb0        0x0 ../../Compiler/COMMON/SGL_302j/LIB_ELF/LIBSGL.A(sglB044.o)
 .bss           0x06083cb0        0x0 ../../Compiler/COMMON/SGL_302j/LIB_ELF/LIBSGL.A(sglB045.o)
 .bss           0x06083cb0        0x0 ../../Compiler/COMMON/SGL_302j/LIB_ELF/LIBSGL.A(sglB047.o)
 .bss           0x06083cb0        0x0 ../../Compiler/COMMON/SGL_302j/LIB_ELF/LIBSGL.A(sglB056.o)
 .bss           0x06083cb0        0x0 ../../Compiler/COMMON/SGL_302j/LIB_ELF/LIBSGL.A(sglB057.o)
 .bss           0x06083cb0        0x0 ../../Compiler/COMMON/SGL_302j/LIB_ELF/LIBSGL.A(sglB059.o)
 .bss           0x06083cb0        0x0 ../../Compiler/COMMON/SGL_302j/LIB_ELF/LIBSGL.A(sglB063.o)
 .bss           0x06083cb0        0x0 ../../Compiler/COMMON/SGL_302j/LIB_ELF/LIBSGL.A(sglB086.o)
 .bss           0x06083cb0        0x0 ../../Compiler/COMMON/SGL_302j/LIB_ELF/LIBSGL.A(sglB088.o)
 .bss           0x06083cb0        0x0 ../../Compiler/COMMON/SGL_302j/LIB_ELF/LIBSGL.A(sglB090.o)
 .bss           0x06083cb0        0x0 ../../Compiler/COMMON/SGL_302j/LIB_ELF/LIBSGL.A(sglB200.o)
 .bss           0x06083cb0        0x0 ../../Compiler/COMMON/SGL_302j/LIB_ELF/LIBSGL.A(sglC04.o)
 .bss           0x06083cb0        0x0 ../../Compiler/COMMON/SGL_302j/LIB_ELF/LIBSGL.A(sglC05.o)
 .bss           0x06083cb0        0x0 ../../Compiler/COMMON/SGL_302j/LIB_ELF/LIBSGL.A(sglC16.o)
 .bss           0x06083cb0        0x0 ../../Compiler/COMMON/SGL_302j/LIB_ELF/LIBSGL.A(sglC20.o)
 .bss           0x06083cb0        0x0 ../../Compiler/COMMON/SGL_302j/LIB_ELF/LIBSGL.A(sglC23.o)
 .bss           0x06083cb0        0x0 ../../Compiler/COMMON/SGL_302j/LIB_ELF/LIBSGL.A(sglD00.o)
 .bss           0x06083cb0        0x0 ../../Compiler/COMMON/SGL_302j/LIB_ELF/LIBSGL.A(sglD01.o)
 .bss           0x06083cb0        0x0 ../../Compiler/COMMON/SGL_302j/LIB_ELF/LIBSGL.A(sglD02.o)
 .bss           0x06083cb0        0x0 ../../Compiler/COMMON/SGL_302j/LIB_ELF/LIBSGL.A(sglD03.o)
 .bss           0x06083cb0        0x0 ../../Compiler/COMMON/SGL_302j/LIB_ELF/LIBSGL.A(sglD15.o)
 .bss           0x06083cb0        0x0 ../../Compiler/COMMON/SGL_302j/LIB_ELF/LIBSGL.A(sglD16.o)
 .bss           0x06083cb0        0x0 ../../Compiler/COMMON/SGL_302j/LIB_ELF/LIBSGL.A(sglD17.o)
 .bss           0x06083cb0        0x0 ../../Compiler/COMMON/SGL_302j/LIB_ELF/LIBSGL.A(sglD18.o)
 .bss           0x06083cb0        0x0 ../../Compiler/COMMON/SGL_302j/LIB_ELF/LIBSGL.A(sglF00.o)
 .bss           0x06083cb0        0x0 ../../Compiler/COMMON/SGL_302j/LIB_ELF/LIBSGL.A(sglF03.o)
 .bss           0x06083cb0        0x0 ../../Compiler/COMMON/SGL_302j/LIB_ELF/LIBSGL.A(sglF05.o)
 .bss           0x06083cb0        0x0 ../../Compiler/COMMON/SGL_302j/LIB_ELF/LIBSGL.A(sglH00.o)
 .bss           0x06083cb0        0x0 ../../Compiler/COMMON/SGL_302j/LIB_ELF/LIBSGL.A(sglH02.o)
 .bss           0x06083cb0        0x0 ../../Compiler/COMMON/SGL_302j/LIB_ELF/LIBSGL.A(sglH04.o)
 .bss           0x06083cb0        0x0 ../../Compiler/COMMON/SGL_302j/LIB_ELF/LIBSGL.A(sglI01.o)
 .bss           0x06083cb0        0x0 ../../Compiler/COMMON/SGL_302j/LIB_ELF/LIBSGL.A(sglIc0.o)
 .bss           0x06083cb0        0x0 ../../Compiler/COMMON/SGL_302j/LIB_ELF/LIBSGL.A(sglJ00.o)
 .bss           0x06083cb0        0x0 ../../Compiler/COMMON/SGL_302j/LIB_ELF/LIBSGL.A(sglJ01.o)
 .bss           0x06083cb0        0x0 ../../Compiler/COMMON/SGL_302j/LIB_ELF/LIBSGL.A(sglJ02.o)
 .bss           0x06083cb0        0x0 ../../Compiler/COMMON/SGL_302j/LIB_ELF/LIBSGL.A(sglJ03.o)
 .bss           0x06083cb0        0x0 ../../Compiler/COMMON/SGL_302j/LIB_ELF/LIBSGL.A(sglJ04.o)
 .bss           0x06083cb0        0x0 ../../Compiler/COMMON/SGL_302j/LIB_ELF/LIBSGL.A(sglJ05.o)
 .bss           0x06083cb0        0x0 ../../Compiler/COMMON/SGL_302j/LIB_ELF/LIBSGL.A(sglK01.o)
 .bss           0x06083cb0        0x0 ../../Compiler/COMMON/SGL_302j/LIB_ELF/LIBSGL.A(sglM01.o)
 .bss           0x06083cb0        0x0 ../../Compiler/COMMON/SGL_302j/LIB_ELF/LIBSGL.A(sglA00.o)
 .bss           0x06083cb0        0x0 ../../Compiler/COMMON/SGL_302j/LIB_ELF/LIBSGL.A(sglA01.o)
 .bss           0x06083cb0        0x0 ../../Compiler/COMMON/SGL_302j/LIB_ELF/LIBSGL.A(sglA10.o)
 .bss           0x06083cb0        0x0 ../../Compiler/COMMON/SGL_302j/LIB_ELF/LIBSGL.A(sglA24.o)
 .bss           0x06083cb0        0x0 ../../Compiler/COMMON/SGL_302j/LIB_ELF/LIBSGL.A(sglA28.o)
 .bss           0x06083cb0        0x0 ../../Compiler/COMMON/SGL_302j/LIB_ELF/LIBSGL.A(sglB000.o)
 .bss           0x06083cb0        0x0 ../../Compiler/COMMON/SGL_302j/LIB_ELF/LIBSGL.A(sglC00.o)
 .bss           0x06083cb0        0x0 ../../Compiler/COMMON/SGL_302j/LIB_ELF/LIBSGL.A(sglI00.o)
 .bss           0x06083cb0        0x0 ../../Compiler/COMMON/SGL_302j/LIB_ELF/LIBSGL.A(sglH03.o)
 .bss           0x06083cb0        0x0 c:/users/ash/documents/joengine-master/compiler/windows/bin/../lib/gcc/sh-elf/9.3.0\libgcc.a(_ashiftrt.o)
 .bss           0x06083cb0        0x0 c:/users/ash/documents/joengine-master/compiler/windows/bin/../lib/gcc/sh-elf/9.3.0\libgcc.a(_sdivsi3.o)
 .bss           0x06083cb0        0x0 c:/users/ash/documents/joengine-master/compiler/windows/bin/../lib/gcc/sh-elf/9.3.0\libgcc.a(_udivsi3.o)
 .bss           0x06083cb0        0x0 c:/users/ash/documents/joengine-master/compiler/windows/bin/../lib/gcc/sh-elf/9.3.0\libgcc.a(_mul_df.o)
 .bss           0x06083cb0        0x0 c:/users/ash/documents/joengine-master/compiler/windows/bin/../lib/gcc/sh-elf/9.3.0\libgcc.a(_si_to_df.o)
 .bss           0x06083cb0        0x0 c:/users/ash/documents/joengine-master/compiler/windows/bin/../lib/gcc/sh-elf/9.3.0\libgcc.a(_df_to_si.o)
 .bss           0x06083cb0        0x0 c:/users/ash/documents/joengine-master/compiler/windows/bin/../lib/gcc/sh-elf/9.3.0\libgcc.a(_thenan_df.o)
 .bss           0x06083cb0        0x0 c:/users/ash/documents/joengine-master/compiler/windows/bin/../lib/gcc/sh-elf/9.3.0\libgcc.a(_ashiftlt.o)
 .bss           0x06083cb0        0x0 c:/users/ash/documents/joengine-master/compiler/windows/bin/../lib/gcc/sh-elf/9.3.0\libgcc.a(_lshiftrt.o)
 .bss           0x06083cb0        0x0 c:/users/ash/documents/joengine-master/compiler/windows/bin/../lib/gcc/sh-elf/9.3.0\libgcc.a(_clzsi2.o)
 .bss           0x06083cb0        0x0 c:/users/ash/documents/joengine-master/compiler/windows/bin/../lib/gcc/sh-elf/9.3.0\libgcc.a(_pack_df.o)
 .bss           0x06083cb0        0x0 c:/users/ash/documents/joengine-master/compiler/windows/bin/../lib/gcc/sh-elf/9.3.0\libgcc.a(_unpack_df.o)
 .bss           0x06083cb0        0x0 c:/users/ash/documents/joengine-master/compiler/windows/bin/../lib/gcc/sh-elf/9.3.0\libgcc.a(_clz.o)
 .bss           0x06083cb0        0x0 c:/users/ash/documents/joengine-master/compiler/windows/bin/../lib/gcc/sh-elf/9.3.0/../../../../sh-elf/lib\libc.a(lib_a-memcmp.o)
 .bss           0x06083cb0        0x0 c:/users/ash/documents/joengine-master/compiler/windows/bin/../lib/gcc/sh-elf/9.3.0/../../../../sh-elf/lib\libc.a(lib_a-memcpy.o)
 .bss           0x06083cb0        0x0 c:/users/ash/documents/joengine-master/compiler/windows/bin/../lib/gcc/sh-elf/9.3.0/../../../../sh-elf/lib\libc.a(lib_a-memset.o)
 .bss           0x06083cb0        0x0 c:/users/ash/documents/joengine-master/compiler/windows/bin/../lib/gcc/sh-elf/9.3.0/../../../../sh-elf/lib\libc.a(lib_a-strncmp.o)
 .bss           0x06083cb0        0x0 c:/users/ash/documents/joengine-master/compiler/windows/bin/../lib/gcc/sh-elf/9.3.0/../../../../sh-elf/lib\libc.a(lib_a-strncpy.o)
 *(COMMON)
 COMMON         0x06083cb0        0xc ../../Compiler/COMMON/SGL_302j/LIB_ELF/LIBCD.A(GFS.O)
                0x06083cb0                GFMC_base
                0x06083cb4                gfs_mng_ptr
                0x06083cb8                gfs_use_scudma
 COMMON         0x06083cbc        0xc ../../Compiler/COMMON/SGL_302j/LIB_ELF/LIBCD.A(GFS_CDC.O)
                0x06083cbc                gfcd_fatal_err
                0x06083cc0                gfcd_work
                0x06083cc4                gfcd_playflag
 COMMON         0x06083cc8        0x8 ../../Compiler/COMMON/SGL_302j/LIB_ELF/LIBCD.A(GFS_CDF.O)
                0x06083cc8                gfcf_fad
                0x06083ccc                gfcf_stat
                0x06083cd0                __bend = .
                0x06083cd0                _end = .
LOAD ../../Compiler/COMMON/SGL_302j/LIB_ELF/SGLAREA.O
LOAD main.o
LOAD foxfs.o
LOAD foxgfx.o
LOAD ../../Compiler/COMMON/SGL_302j/LIB_ELF/SEGA_SYS.A
LOAD ../../Compiler/COMMON/SGL_302j/LIB_ELF/LIBCD.A
LOAD ../../Compiler/COMMON/SGL_302j/LIB_ELF/LIBSGL.A
LOAD c:/users/ash/documents/joengine-master/compiler/windows/bin/../lib/gcc/sh-elf/9.3.0\libgcc.a
LOAD c:/users/ash/documents/joengine-master/compiler/windows/bin/../lib/gcc/sh-elf/9.3.0\libgcc-Os-4-200.a
LOAD c:/users/ash/documents/joengine-master/compiler/windows/bin/../lib/gcc/sh-elf/9.3.0/../../../../sh-elf/lib\libc.a
LOAD c:/users/ash/documents/joengine-master/compiler/windows/bin/../lib/gcc/sh-elf/9.3.0\libgcc.a
LOAD c:/users/ash/documents/joengine-master/compiler/windows/bin/../lib/gcc/sh-elf/9.3.0\libgcc-Os-4-200.a
OUTPUT(game.elf coff-sh)

.debug_info     0x00000000     0x4050
 .debug_info    0x00000000      0x6e9 c:/users/ash/documents/joengine-master/compiler/windows/bin/../lib/gcc/sh-elf/9.3.0\libgcc.a(_mul_df.o)
 .debug_info    0x000006e9      0x494 c:/users/ash/documents/joengine-master/compiler/windows/bin/../lib/gcc/sh-elf/9.3.0\libgcc.a(_si_to_df.o)
 .debug_info    0x00000b7d      0x4ce c:/users/ash/documents/joengine-master/compiler/windows/bin/../lib/gcc/sh-elf/9.3.0\libgcc.a(_df_to_si.o)
 .debug_info    0x0000104b      0x391 c:/users/ash/documents/joengine-master/compiler/windows/bin/../lib/gcc/sh-elf/9.3.0\libgcc.a(_thenan_df.o)
 .debug_info    0x000013dc      0x3de c:/users/ash/documents/joengine-master/compiler/windows/bin/../lib/gcc/sh-elf/9.3.0\libgcc.a(_clzsi2.o)
 .debug_info    0x000017ba      0x4d4 c:/users/ash/documents/joengine-master/compiler/windows/bin/../lib/gcc/sh-elf/9.3.0\libgcc.a(_pack_df.o)
 .debug_info    0x00001c8e      0x45d c:/users/ash/documents/joengine-master/compiler/windows/bin/../lib/gcc/sh-elf/9.3.0\libgcc.a(_unpack_df.o)
 .debug_info    0x000020eb      0x371 c:/users/ash/documents/joengine-master/compiler/windows/bin/../lib/gcc/sh-elf/9.3.0\libgcc.a(_clz.o)
 .debug_info    0x0000245c      0x95d c:/users/ash/documents/joengine-master/compiler/windows/bin/../lib/gcc/sh-elf/9.3.0/../../../../sh-elf/lib\libc.a(lib_a-memcmp.o)
 .debug_info    0x00002db9      0x934 c:/users/ash/documents/joengine-master/compiler/windows/bin/../lib/gcc/sh-elf/9.3.0/../../../../sh-elf/lib\libc.a(lib_a-strncmp.o)
 .debug_info    0x000036ed      0x960 c:/users/ash/documents/joengine-master/compiler/windows/bin/../lib/gcc/sh-elf/9.3.0/../../../../sh-elf/lib\libc.a(lib_a-strncpy.o)

.debug_abbrev   0x00000000     0x1250
 .debug_abbrev  0x00000000      0x27c c:/users/ash/documents/joengine-master/compiler/windows/bin/../lib/gcc/sh-elf/9.3.0\libgcc.a(_mul_df.o)
 .debug_abbrev  0x0000027c      0x1fb c:/users/ash/documents/joengine-master/compiler/windows/bin/../lib/gcc/sh-elf/9.3.0\libgcc.a(_si_to_df.o)
 .debug_abbrev  0x00000477      0x1bb c:/users/ash/documents/joengine-master/compiler/windows/bin/../lib/gcc/sh-elf/9.3.0\libgcc.a(_df_to_si.o)
 .debug_abbrev  0x00000632      0x11c c:/users/ash/documents/joengine-master/compiler/windows/bin/../lib/gcc/sh-elf/9.3.0\libgcc.a(_thenan_df.o)
 .debug_abbrev  0x0000074e      0x129 c:/users/ash/documents/joengine-master/compiler/windows/bin/../lib/gcc/sh-elf/9.3.0\libgcc.a(_clzsi2.o)
 .debug_abbrev  0x00000877      0x1cb c:/users/ash/documents/joengine-master/compiler/windows/bin/../lib/gcc/sh-elf/9.3.0\libgcc.a(_pack_df.o)
 .debug_abbrev  0x00000a42      0x18b c:/users/ash/documents/joengine-master/compiler/windows/bin/../lib/gcc/sh-elf/9.3.0\libgcc.a(_unpack_df.o)
 .debug_abbrev  0x00000bcd       0xcf c:/users/ash/documents/joengine-master/compiler/windows/bin/../lib/gcc/sh-elf/9.3.0\libgcc.a(_clz.o)
 .debug_abbrev  0x00000c9c      0x1e7 c:/users/ash/documents/joengine-master/compiler/windows/bin/../lib/gcc/sh-elf/9.3.0/../../../../sh-elf/lib\libc.a(lib_a-memcmp.o)
 .debug_abbrev  0x00000e83      0x1cf c:/users/ash/documents/joengine-master/compiler/windows/bin/../lib/gcc/sh-elf/9.3.0/../../../../sh-elf/lib\libc.a(lib_a-strncmp.o)
 .debug_abbrev  0x00001052      0x1f8 c:/users/ash/documents/joengine-master/compiler/windows/bin/../lib/gcc/sh-elf/9.3.0/../../../../sh-elf/lib\libc.a(lib_a-strncpy.o)

.debug_loc      0x00000000      0xc40
 .debug_loc     0x00000000      0x4d5 c:/users/ash/documents/joengine-master/compiler/windows/bin/../lib/gcc/sh-elf/9.3.0\libgcc.a(_mul_df.o)
 .debug_loc     0x000004d5       0xd1 c:/users/ash/documents/joengine-master/compiler/windows/bin/../lib/gcc/sh-elf/9.3.0\libgcc.a(_si_to_df.o)
 .debug_loc     0x000005a6       0x46 c:/users/ash/documents/joengine-master/compiler/windows/bin/../lib/gcc/sh-elf/9.3.0\libgcc.a(_df_to_si.o)
 .debug_loc     0x000005ec       0x5a c:/users/ash/documents/joengine-master/compiler/windows/bin/../lib/gcc/sh-elf/9.3.0\libgcc.a(_clzsi2.o)
 .debug_loc     0x00000646      0x33e c:/users/ash/documents/joengine-master/compiler/windows/bin/../lib/gcc/sh-elf/9.3.0\libgcc.a(_pack_df.o)
 .debug_loc     0x00000984       0xb5 c:/users/ash/documents/joengine-master/compiler/windows/bin/../lib/gcc/sh-elf/9.3.0\libgcc.a(_unpack_df.o)
 .debug_loc     0x00000a39       0xde c:/users/ash/documents/joengine-master/compiler/windows/bin/../lib/gcc/sh-elf/9.3.0/../../../../sh-elf/lib\libc.a(lib_a-memcmp.o)
 .debug_loc     0x00000b17       0x7c c:/users/ash/documents/joengine-master/compiler/windows/bin/../lib/gcc/sh-elf/9.3.0/../../../../sh-elf/lib\libc.a(lib_a-strncmp.o)
 .debug_loc     0x00000b93       0xa2 c:/users/ash/documents/joengine-master/compiler/windows/bin/../lib/gcc/sh-elf/9.3.0/../../../../sh-elf/lib\libc.a(lib_a-strncpy.o)

.debug_aranges  0x00000000      0x150
 .debug_aranges
                0x00000000       0x20 c:/users/ash/documents/joengine-master/compiler/windows/bin/../lib/gcc/sh-elf/9.3.0\libgcc.a(_mul_df.o)
 .debug_aranges
                0x00000020       0x20 c:/users/ash/documents/joengine-master/compiler/windows/bin/../lib/gcc/sh-elf/9.3.0\libgcc.a(_si_to_df.o)
 .debug_aranges
                0x00000040       0x20 c:/users/ash/documents/joengine-master/compiler/windows/bin/../lib/gcc/sh-elf/9.3.0\libgcc.a(_df_to_si.o)
 .debug_aranges
                0x00000060       0x18 c:/users/ash/documents/joengine-master/compiler/windows/bin/../lib/gcc/sh-elf/9.3.0\libgcc.a(_thenan_df.o)
 .debug_aranges
                0x00000078       0x20 c:/users/ash/documents/joengine-master/compiler/windows/bin/../lib/gcc/sh-elf/9.3.0\libgcc.a(_clzsi2.o)
 .debug_aranges
                0x00000098       0x20 c:/users/ash/documents/joengine-master/compiler/windows/bin/../lib/gcc/sh-elf/9.3.0\libgcc.a(_pack_df.o)
 .debug_aranges
                0x000000b8       0x20 c:/users/ash/documents/joengine-master/compiler/windows/bin/../lib/gcc/sh-elf/9.3.0\libgcc.a(_unpack_df.o)
 .debug_aranges
                0x000000d8       0x18 c:/users/ash/documents/joengine-master/compiler/windows/bin/../lib/gcc/sh-elf/9.3.0\libgcc.a(_clz.o)
 .debug_aranges
                0x000000f0       0x20 c:/users/ash/documents/joengine-master/compiler/windows/bin/../lib/gcc/sh-elf/9.3.0/../../../../sh-elf/lib\libc.a(lib_a-memcmp.o)
 .debug_aranges
                0x00000110       0x20 c:/users/ash/documents/joengine-master/compiler/windows/bin/../lib/gcc/sh-elf/9.3.0/../../../../sh-elf/lib\libc.a(lib_a-strncmp.o)
 .debug_aranges
                0x00000130       0x20 c:/users/ash/documents/joengine-master/compiler/windows/bin/../lib/gcc/sh-elf/9.3.0/../../../../sh-elf/lib\libc.a(lib_a-strncpy.o)

.debug_ranges   0x00000000      0x1c0
 .debug_ranges  0x00000000       0xa8 c:/users/ash/documents/joengine-master/compiler/windows/bin/../lib/gcc/sh-elf/9.3.0\libgcc.a(_mul_df.o)
 .debug_ranges  0x000000a8       0x48 c:/users/ash/documents/joengine-master/compiler/windows/bin/../lib/gcc/sh-elf/9.3.0\libgcc.a(_si_to_df.o)
 .debug_ranges  0x000000f0       0x38 c:/users/ash/documents/joengine-master/compiler/windows/bin/../lib/gcc/sh-elf/9.3.0\libgcc.a(_clzsi2.o)
 .debug_ranges  0x00000128       0x90 c:/users/ash/documents/joengine-master/compiler/windows/bin/../lib/gcc/sh-elf/9.3.0\libgcc.a(_pack_df.o)

.debug_line     0x00000000     0x12f0
 .debug_line    0x00000000      0x358 c:/users/ash/documents/joengine-master/compiler/windows/bin/../lib/gcc/sh-elf/9.3.0\libgcc.a(_mul_df.o)
 .debug_line    0x00000358      0x1a3 c:/users/ash/documents/joengine-master/compiler/windows/bin/../lib/gcc/sh-elf/9.3.0\libgcc.a(_si_to_df.o)
 .debug_line    0x000004fb      0x16a c:/users/ash/documents/joengine-master/compiler/windows/bin/../lib/gcc/sh-elf/9.3.0\libgcc.a(_df_to_si.o)
 .debug_line    0x00000665       0xb6 c:/users/ash/documents/joengine-master/compiler/windows/bin/../lib/gcc/sh-elf/9.3.0\libgcc.a(_thenan_df.o)
 .debug_line    0x0000071b      0x14e c:/users/ash/documents/joengine-master/compiler/windows/bin/../lib/gcc/sh-elf/9.3.0\libgcc.a(_clzsi2.o)
 .debug_line    0x00000869      0x2d6 c:/users/ash/documents/joengine-master/compiler/windows/bin/../lib/gcc/sh-elf/9.3.0\libgcc.a(_pack_df.o)
 .debug_line    0x00000b3f      0x1ad c:/users/ash/documents/joengine-master/compiler/windows/bin/../lib/gcc/sh-elf/9.3.0\libgcc.a(_unpack_df.o)
 .debug_line    0x00000cec       0xf4 c:/users/ash/documents/joengine-master/compiler/windows/bin/../lib/gcc/sh-elf/9.3.0\libgcc.a(_clz.o)
 .debug_line    0x00000de0      0x1a0 c:/users/ash/documents/joengine-master/compiler/windows/bin/../lib/gcc/sh-elf/9.3.0/../../../../sh-elf/lib\libc.a(lib_a-memcmp.o)
 .debug_line    0x00000f80      0x1ae c:/users/ash/documents/joengine-master/compiler/windows/bin/../lib/gcc/sh-elf/9.3.0/../../../../sh-elf/lib\libc.a(lib_a-strncmp.o)
 .debug_line    0x0000112e      0x1b8 c:/users/ash/documents/joengine-master/compiler/windows/bin/../lib/gcc/sh-elf/9.3.0/../../../../sh-elf/lib\libc.a(lib_a-strncpy.o)

.debug_str      0x00000000     0x3c00
 .debug_str     0x00000000      0x5fa c:/users/ash/documents/joengine-master/compiler/windows/bin/../lib/gcc/sh-elf/9.3.0\libgcc.a(_mul_df.o)
 .debug_str     0x000005fa      0x592 c:/users/ash/documents/joengine-master/compiler/windows/bin/../lib/gcc/sh-elf/9.3.0\libgcc.a(_si_to_df.o)
 .debug_str     0x00000b8c      0x5af c:/users/ash/documents/joengine-master/compiler/windows/bin/../lib/gcc/sh-elf/9.3.0\libgcc.a(_df_to_si.o)
 .debug_str     0x0000113b      0x545 c:/users/ash/documents/joengine-master/compiler/windows/bin/../lib/gcc/sh-elf/9.3.0\libgcc.a(_thenan_df.o)
 .debug_str     0x00001680      0x555 c:/users/ash/documents/joengine-master/compiler/windows/bin/../lib/gcc/sh-elf/9.3.0\libgcc.a(_clzsi2.o)
 .debug_str     0x00001bd5      0x5a3 c:/users/ash/documents/joengine-master/compiler/windows/bin/../lib/gcc/sh-elf/9.3.0\libgcc.a(_pack_df.o)
 .debug_str     0x00002178      0x585 c:/users/ash/documents/joengine-master/compiler/windows/bin/../lib/gcc/sh-elf/9.3.0\libgcc.a(_unpack_df.o)
 .debug_str     0x000026fd      0x538 c:/users/ash/documents/joengine-master/compiler/windows/bin/../lib/gcc/sh-elf/9.3.0\libgcc.a(_clz.o)
 .debug_str     0x00002c35      0x536 c:/users/ash/documents/joengine-master/compiler/windows/bin/../lib/gcc/sh-elf/9.3.0/../../../../sh-elf/lib\libc.a(lib_a-memcmp.o)
 .debug_str     0x0000316b      0x538 c:/users/ash/documents/joengine-master/compiler/windows/bin/../lib/gcc/sh-elf/9.3.0/../../../../sh-elf/lib\libc.a(lib_a-strncmp.o)
 .debug_str     0x000036a3      0x554 c:/users/ash/documents/joengine-master/compiler/windows/bin/../lib/gcc/sh-elf/9.3.0/../../../../sh-elf/lib\libc.a(lib_a-strncpy.o)

.comment        0x00000000       0xd0
 .comment       0x00000000       0x12 c:/users/ash/documents/joengine-master/compiler/windows/bin/../lib/gcc/sh-elf/9.3.0\libgcc.a(_mul_df.o)
 .comment       0x00000012       0x12 c:/users/ash/documents/joengine-master/compiler/windows/bin/../lib/gcc/sh-elf/9.3.0\libgcc.a(_si_to_df.o)
 .comment       0x00000024       0x12 c:/users/ash/documents/joengine-master/compiler/windows/bin/../lib/gcc/sh-elf/9.3.0\libgcc.a(_df_to_si.o)
 .comment       0x00000036       0x12 c:/users/ash/documents/joengine-master/compiler/windows/bin/../lib/gcc/sh-elf/9.3.0\libgcc.a(_thenan_df.o)
 .comment       0x00000048       0x12 c:/users/ash/documents/joengine-master/compiler/windows/bin/../lib/gcc/sh-elf/9.3.0\libgcc.a(_clzsi2.o)
 .comment       0x0000005a       0x12 c:/users/ash/documents/joengine-master/compiler/windows/bin/../lib/gcc/sh-elf/9.3.0\libgcc.a(_pack_df.o)
 .comment       0x0000006c       0x12 c:/users/ash/documents/joengine-master/compiler/windows/bin/../lib/gcc/sh-elf/9.3.0\libgcc.a(_unpack_df.o)
 .comment       0x0000007e       0x12 c:/users/ash/documents/joengine-master/compiler/windows/bin/../lib/gcc/sh-elf/9.3.0\libgcc.a(_clz.o)
 .comment       0x00000090       0x12 c:/users/ash/documents/joengine-master/compiler/windows/bin/../lib/gcc/sh-elf/9.3.0/../../../../sh-elf/lib\libc.a(lib_a-memcmp.o)
 .comment       0x000000a2       0x12 c:/users/ash/documents/joengine-master/compiler/windows/bin/../lib/gcc/sh-elf/9.3.0/../../../../sh-elf/lib\libc.a(lib_a-strncmp.o)
 .comment       0x000000b4       0x12 c:/users/ash/documents/joengine-master/compiler/windows/bin/../lib/gcc/sh-elf/9.3.0/../../../../sh-elf/lib\libc.a(lib_a-strncpy.o)

.debug_frame    0x00000000      0x230
 .debug_frame   0x00000000       0x98 c:/users/ash/documents/joengine-master/compiler/windows/bin/../lib/gcc/sh-elf/9.3.0\libgcc.a(_mul_df.o)
 .debug_frame   0x00000098       0x3c c:/users/ash/documents/joengine-master/compiler/windows/bin/../lib/gcc/sh-elf/9.3.0\libgcc.a(_si_to_df.o)
 .debug_frame   0x000000d4       0x48 c:/users/ash/documents/joengine-master/compiler/windows/bin/../lib/gcc/sh-elf/9.3.0\libgcc.a(_df_to_si.o)
 .debug_frame   0x0000011c       0x20 c:/users/ash/documents/joengine-master/compiler/windows/bin/../lib/gcc/sh-elf/9.3.0\libgcc.a(_clzsi2.o)
 .debug_frame   0x0000013c       0x6c c:/users/ash/documents/joengine-master/compiler/windows/bin/../lib/gcc/sh-elf/9.3.0\libgcc.a(_pack_df.o)
 .debug_frame   0x000001a8       0x20 c:/users/ash/documents/joengine-master/compiler/windows/bin/../lib/gcc/sh-elf/9.3.0\libgcc.a(_unpack_df.o)
 .debug_frame   0x000001c8       0x20 c:/users/ash/documents/joengine-master/compiler/windows/bin/../lib/gcc/sh-elf/9.3.0/../../../../sh-elf/lib\libc.a(lib_a-memcmp.o)
 .debug_frame   0x000001e8       0x20 c:/users/ash/documents/joengine-master/compiler/windows/bin/../lib/gcc/sh-elf/9.3.0/../../../../sh-elf/lib\libc.a(lib_a-strncmp.o)
 .debug_frame   0x00000208       0x20 c:/users/ash/documents/joengine-master/compiler/windows/bin/../lib/gcc/sh-elf/9.3.0/../../../../sh-elf/lib\libc.a(lib_a-strncpy.o)
